******************************************************************************
                  TI ARM Linker PC v20.2.7                     
******************************************************************************
>> Linked Tue Apr 14 14:13:56 2026

OUTPUT FILE NAME:   <Lab8.out>
ENTRY POINT SYMBOL: "_c_int00_noargs"  address: 00003965


MEMORY CONFIGURATION

         name            origin    length      used     unused   attr    fill
----------------------  --------  ---------  --------  --------  ----  --------
  FLASH                 00000000   00040000  000043d8  0003bc28  R  X
  SRAM                  20000000   00008000  000017b8  00006848  RW X


SEGMENT ALLOCATION MAP

run origin  load origin   length   init length attrs members
----------  ----------- ---------- ----------- ----- -------
00000000    00000000    000043d8   000043d8    r-x
  00000000    00000000    0000026c   0000026c    r-- .intvecs
  0000026c    0000026c    00003be4   00003be4    r-x .text
  00003e50    00003e50    000004e8   000004e8    r-- .const
  00004338    00004338    000000a0   000000a0    r-- .cinit
20000000    20000000    000017bc   00000000    rw-
  20000000    20000000    0000026c   00000000    rw- .vtable
  20000270    20000270    00000800   00000000    rw- .stack
  20000a70    20000a70    00000800   00000000    rw- .sysmem
  20001270    20001270    00000358   00000000    rw- .bss
  200015c8    200015c8    000001f4   00000000    rw- .data


SECTION ALLOCATION MAP

 output                                  attributes/
section   page    origin      length       input sections
--------  ----  ----------  ----------   ----------------
.intvecs   0    00000000    0000026c     
                  00000000    0000026c     tm4c123gh6pm_startup_ccs.obj (.intvecs)

.text      0    0000026c    00003be4     
                  0000026c    00000a4e     rtsv7M4_T_le_v4SPD16_eabi.lib : _printfi.c.obj (.text:__TI_printfi)
                  00000cba    00000002                                   : _lock.c.obj (.text:_nop)
                  00000cbc    00000470     Util.lib : event.obj (.text)
                  0000112c    00000270     rtsv7M4_T_le_v4SPD16_eabi.lib : _printfi.c.obj (.text:_pconv_a)
                  0000139c    000001d0                                   : _printfi.c.obj (.text:_pconv_g)
                  0000156c    000001b6                                   : fd_add_t2.asm.obj (.text)
                  00001722    00000002                                   : div0.asm.obj (.text)
                  00001724    00000198     Util.lib : pushbutton.obj (.text)
                  000018bc    0000016c     driverlib.lib : gpio.obj (.text:GPIOPadConfigSet)
                  00001a28    0000013c     rtsv7M4_T_le_v4SPD16_eabi.lib : _printfi.c.obj (.text:_pconv_e)
                  00001b64    00000136                                   : fd_div_t2.asm.obj (.text)
                  00001c9a    00000002     --HOLE-- [fill = 0]
                  00001c9c    00000124                                   : _printfi.c.obj (.text:fcvt)
                  00001dc0    00000120     ranger.obj (.text)
                  00001ee0    00000118     driverlib.lib : sysctl.obj (.text:SysCtlClockGet)
                  00001ff8    00000114     rtsv7M4_T_le_v4SPD16_eabi.lib : fputs.c.obj (.text:fputs)
                  0000210c    00000110                                   : s_scalbn.c.obj (.text:scalbn)
                  0000221c    00000100                                   : memory.c.obj (.text:aligned_alloc)
                  0000231c    000000fc                                   : fd_mul_t2.asm.obj (.text)
                  00002418    000000f4     driverlib.lib : sysctl.obj (.text:SysCtlClockSet)
                  0000250c    000000e4     rtsv7M4_T_le_v4SPD16_eabi.lib : memory.c.obj (.text:free)
                  000025f0    000000dc                                   : setvbuf.c.obj (.text:setvbuf)
                  000026cc    000000c8     Util.lib : uart.obj (.text)
                  00002794    000000c0              : launchpad.obj (.text)
                  00002854    000000b1     rtsv7M4_T_le_v4SPD16_eabi.lib : _printfi.c.obj (.text:_ltostr)
                  00002905    00000001     --HOLE-- [fill = 0]
                  00002906    0000009c                                   : memcpy_t2.asm.obj (.text)
                  000029a2    00000096                                   : ull_div_t2.asm.obj (.text)
                  00002a38    00000086                                   : fd_cmp_t2.asm.obj (.text:__aeabi_cdcmple)
                  00002abe    00000086                                   : fd_cmp_t2.asm.obj (.text:__aeabi_cdrcmple)
                  00002b44    00000084     Util.lib : led.obj (.text)
                  00002bc8    0000007c     rtsv7M4_T_le_v4SPD16_eabi.lib : fflush.c.obj (.text:fflush)
                  00002c44    0000007a                                   : memset_t2.asm.obj (.text)
                  00002cbe    00000002     --HOLE-- [fill = 0]
                  00002cc0    00000074                                   : fclose.c.obj (.text:__TI_closefile)
                  00002d34    00000070                                   : memory.c.obj (.text:split)
                  00002da4    0000006e                                   : _printfi.c.obj (.text:_mcpy)
                  00002e12    00000002     --HOLE-- [fill = 0]
                  00002e14    0000006c                                   : hostrename.c.obj (.text:HOSTrename)
                  00002e80    00000068                                   : hostlseek.c.obj (.text:HOSTlseek)
                  00002ee8    00000068     driverlib.lib : interrupt.obj (.text:IntEnable)
                  00002f50    00000068     rtsv7M4_T_le_v4SPD16_eabi.lib : copy_decompress_lzss.c.obj (.text:decompress:lzss:__TI_decompress_lzss)
                  00002fb8    00000064                                   : s_frexp.c.obj (.text:frexp)
                  0000301c    00000064                                   : fseek.c.obj (.text:fseek)
                  00003080    00000062                                   : _io_perm.c.obj (.text:__TI_wrt_ok)
                  000030e2    00000002     --HOLE-- [fill = 0]
                  000030e4    00000060                                   : hostopen.c.obj (.text:HOSTopen)
                  00003144    00000060     driverlib.lib : timer.obj (.text:TimerConfigure)
                  000031a4    0000005c     rtsv7M4_T_le_v4SPD16_eabi.lib : close.c.obj (.text:close)
                  00003200    00000058     driverlib.lib : gpio.obj (.text:GPIOIntTypeSet)
                  00003258    00000058     rtsv7M4_T_le_v4SPD16_eabi.lib : hostread.c.obj (.text:HOSTread)
                  000032b0    00000058                                   : hostwrite.c.obj (.text:HOSTwrite)
                  00003308    00000056                                   : _printfi.c.obj (.text:_pconv_f)
                  0000335e    00000054                                   : _ltoa.c.obj (.text:__TI_ltoa)
                  000033b2    00000052                                   : _printfi.c.obj (.text:_ecpy)
                  00003404    0000004c     driverlib.lib : gpio.obj (.text:GPIOPinConfigure)
                  00003450    0000004c                   : timer.obj (.text:_TimerIntNumberGet)
                  0000349c    0000004c     rtsv7M4_T_le_v4SPD16_eabi.lib : fflush.c.obj (.text:__TI_doflush)
                  000034e8    0000004c                                   : atoi.c.obj (.text:atoi)
                  00003534    00000048                                   : exit.c.obj (.text:exit)
                  0000357c    00000048                                   : fd_toi_t2.asm.obj (.text)
                  000035c4    00000046     driverlib.lib : uart.obj (.text:UARTConfigSetExpClk)
                  0000360a    00000002     --HOLE-- [fill = 0]
                  0000360c    00000044     rtsv7M4_T_le_v4SPD16_eabi.lib : hostclose.c.obj (.text:HOSTclose)
                  00003650    00000044                                   : hostunlink.c.obj (.text:HOSTunlink)
                  00003694    00000044     driverlib.lib : gpio.obj (.text:_GPIOIntNumberGet)
                  000036d8    00000044     rtsv7M4_T_le_v4SPD16_eabi.lib : autoinit.c.obj (.text:__TI_auto_init_nobinit_nopinit:__TI_auto_init_nobinit_nopinit)
                  0000371c    00000044                                   : getdevice.c.obj (.text:getdevice)
                  00003760    00000044     lab8_main.obj (.text)
                  000037a4    00000040     rtsv7M4_T_le_v4SPD16_eabi.lib : vsnprintf.c.obj (.text:vsnprintf)
                  000037e4    0000003e                                   : _printfi.c.obj (.text:_fcpy)
                  00003822    00000002     --HOLE-- [fill = 0]
                  00003824    00000038                                   : trgmsg.c.obj (.text:__TI_writemsg)
                  0000385c    00000036                                   : strncpy.c.obj (.text:strncpy)
                  00003892    00000002     --HOLE-- [fill = 0]
                  00003894    00000034     driverlib.lib : interrupt.obj (.text:IntRegister)
                  000038c8    00000034                   : sysctl.obj (.text:SysCtlPeripheralEnable)
                  000038fc    00000034     rtsv7M4_T_le_v4SPD16_eabi.lib : fopen.c.obj (.text:__TI_cleanup)
                  00003930    00000034                                   : trgmsg.c.obj (.text:__TI_readmsg)
                  00003964    00000034                                   : boot_cortex_m.c.obj (.text:_c_int00_noargs:_c_int00_noargs)
                  00003998    00000030                                   : vsnprintf.c.obj (.text:_outs)
                  000039c8    00000030                                   : getdevice.c.obj (.text:finddevice)
                  000039f8    0000002e                                   : i_tofd_t2.asm.obj (.text)
                  00003a26    0000002c     driverlib.lib : gpio.obj (.text:GPIODirModeSet)
                  00003a52    00000002     --HOLE-- [fill = 0]
                  00003a54    0000002c     rtsv7M4_T_le_v4SPD16_eabi.lib : unlink.c.obj (.text:unlink)
                  00003a80    00000028                                   : memory.c.obj (.text:free_list_insert)
                  00003aa8    00000028                                   : lseek.c.obj (.text:lseek)
                  00003ad0    00000028                                   : write.c.obj (.text:write)
                  00003af8    00000024     driverlib.lib : interrupt.obj (.text:IntPrioritySet)
                  00003b1c    00000020                   : uart.obj (.text:UARTDisable)
                  00003b3c    00000020     rtsv7M4_T_le_v4SPD16_eabi.lib : memchr.c.obj (.text:memchr)
                  00003b5c    0000001c     driverlib.lib : systick.obj (.text:SysTickIntRegister)
                  00003b78    0000001c     rtsv7M4_T_le_v4SPD16_eabi.lib : assert.c.obj (.text:_abort_msg)
                  00003b94    0000001c                                   : memory.c.obj (.text:free_list_remove)
                  00003bb0    0000001c                                   : memccpy.c.obj (.text:memccpy)
                  00003bcc    0000001a     driverlib.lib : gpio.obj (.text:GPIOPinTypeGPIOOutput)
                  00003be6    0000001a     rtsv7M4_T_le_v4SPD16_eabi.lib : s_copysign.c.obj (.text:copysign)
                  00003c00    00000018     driverlib.lib : gpio.obj (.text:GPIOIntRegister)
                  00003c18    00000018                   : timer.obj (.text:TimerControlLevel)
                  00003c30    00000018                   : timer.obj (.text:TimerDisable)
                  00003c48    00000018                   : timer.obj (.text:TimerIntRegister)
                  00003c60    00000018     rtsv7M4_T_le_v4SPD16_eabi.lib : vsnprintf.c.obj (.text:_outc)
                  00003c78    00000018                                   : strcmp.c.obj (.text:strcmp)
                  00003c90    00000016     lab8_main.obj (.text:EventInitialized)
                  00003ca6    00000016     driverlib.lib : gpio.obj (.text:GPIOPinTypeGPIOInput)
                  00003cbc    00000016                   : gpio.obj (.text:GPIOPinTypeTimer)
                  00003cd2    00000016                   : gpio.obj (.text:GPIOPinTypeUART)
                  00003ce8    00000016                   : timer.obj (.text:TimerControlEvent)
                  00003cfe    00000016     rtsv7M4_T_le_v4SPD16_eabi.lib : strchr.c.obj (.text:strchr)
                  00003d14    00000014     driverlib.lib : systick.obj (.text:SysTickEnable)
                  00003d28    00000014                   : systick.obj (.text:SysTickIntEnable)
                  00003d3c    00000014                   : uart.obj (.text:UARTEnable)
                  00003d50    00000014     rtsv7M4_T_le_v4SPD16_eabi.lib : strcpy.c.obj (.text:strcpy)
                  00003d64    00000014                                   : strlen.c.obj (.text:strlen)
                  00003d78    00000012     driverlib.lib : timer.obj (.text:TimerLoadSet)
                  00003d8a    00000012                   : timer.obj (.text:TimerMatchSet)
                  00003d9c    00000012     rtsv7M4_T_le_v4SPD16_eabi.lib : wcslen.c.obj (.text:wcslen)
                  00003dae    00000002     --HOLE-- [fill = 0]
                  00003db0    00000010     driverlib.lib : systick.obj (.text:SysTickPeriodSet)
                  00003dc0    0000000e                   : timer.obj (.text:TimerEnable)
                  00003dce    0000000e     rtsv7M4_T_le_v4SPD16_eabi.lib : copy_decompress_none.c.obj (.text:decompress:none:__TI_decompress_none)
                  00003ddc    0000000c     driverlib.lib : gpio.obj (.text:GPIOIntEnable)
                  00003de8    0000000c     rtsv7M4_T_le_v4SPD16_eabi.lib : copy_zero_init.c.obj (.text:decompress:ZI:__TI_zero_init)
                  00003df4    0000000c     tm4c123gh6pm_startup_ccs.obj (.text)
                  00003e00    0000000a     driverlib.lib : uart.obj (.text:UARTCharGet)
                  00003e0a    0000000a                   : uart.obj (.text:UARTCharPut)
                  00003e14    00000008                   : timer.obj (.text:TimerIntEnable)
                  00003e1c    00000008     rtsv7M4_T_le_v4SPD16_eabi.lib : errno.c.obj (.text:__aeabi_errno_addr)
                  00003e24    00000008                                   : memory.c.obj (.text:malloc)
                  00003e2c    00000006     driverlib.lib : gpio.obj (.text:GPIOIntClear)
                  00003e32    00000006                   : gpio.obj (.text:GPIOPinRead)
                  00003e38    00000006                   : gpio.obj (.text:GPIOPinWrite)
                  00003e3e    00000006                   : sysctl.obj (.text:SysCtlDelay)
                  00003e44    00000004                   : timer.obj (.text:TimerIntClear)
                  00003e48    00000004     rtsv7M4_T_le_v4SPD16_eabi.lib : pre_init.c.obj (.text:_system_pre_init)
                  00003e4c    00000004                                   : exit.c.obj (.text:abort:abort)

.const     0    00003e50    000004e8     
                  00003e50    00000101     rtsv7M4_T_le_v4SPD16_eabi.lib : ctype.c.obj (.const:.string:_ctypes_)
                  00003f51    00000003     --HOLE-- [fill = 0]
                  00003f54    000000d8     driverlib.lib : gpio.obj (.const:g_ppui32GPIOIntMapSnowflake)
                  0000402c    000000c0                   : gpio.obj (.const:g_ppui32GPIOIntMapBlizzard)
                  000040ec    0000009c                   : interrupt.obj (.const:g_pui32Regs)
                  00004188    00000090                   : gpio.obj (.const:g_pui32GPIOBaseAddrs)
                  00004218    0000006c                   : sysctl.obj (.const:g_pui32Xtals)
                  00004284    00000060                   : timer.obj (.const:g_ppui32TimerIntMap)
                  000042e4    00000040                   : timer.obj (.const:g_ppui32TimerIntMapSnowflake)
                  00004324    00000014                   : interrupt.obj (.const:g_pui32EnRegs)

.cinit     0    00004338    000000a0     
                  00004338    0000006b     (.cinit..data.load) [load image, compression = lzss]
                  000043a3    00000001     --HOLE-- [fill = 0]
                  000043a4    0000000c     (__TI_handler_table)
                  000043b0    00000008     (.cinit..bss.load) [load image, compression = zero_init]
                  000043b8    00000008     (.cinit..vtable.load) [load image, compression = zero_init]
                  000043c0    00000018     (__TI_cinit_table)

.init_array 
*          0    00000000    00000000     UNINITIALIZED

.vtable    0    20000000    0000026c     UNINITIALIZED
                  20000000    0000026c     driverlib.lib : interrupt.obj (.vtable)

.stack     0    20000270    00000800     UNINITIALIZED
                  20000270    00000004     rtsv7M4_T_le_v4SPD16_eabi.lib : boot_cortex_m.c.obj (.stack)
                  20000274    000007fc     --HOLE--

.sysmem    0    20000a70    00000800     UNINITIALIZED
                  20000a70    00000010     rtsv7M4_T_le_v4SPD16_eabi.lib : memory.c.obj (.sysmem)
                  20000a80    000007f0     --HOLE--

.bss       0    20001270    00000358     UNINITIALIZED
                  20001270    00000120     rtsv7M4_T_le_v4SPD16_eabi.lib : trgmsg.c.obj (.bss:_CIOBUF_)
                  20001390    00000100     Util.lib : event.obj (.bss:bin_head)
                  20001490    000000a0     (.common:__TI_tmpnams)
                  20001530    00000054              : uart.obj (.bss:buffer$1)
                  20001584    00000014     (.common:trigger_ranger_reading_event)
                  20001598    00000010              : event.obj (.bss:bin_head_heap)
                  200015a8    00000010              : pushbutton.obj (.bss:push_button)
                  200015b8    00000008     (.common:parmbuf)
                  200015c0    00000008     (.common:ranger)

.data      0    200015c8    000001f4     UNINITIALIZED
                  200015c8    000000f0     rtsv7M4_T_le_v4SPD16_eabi.lib : defs.c.obj (.data:_ftable)
                  200016b8    00000078                                   : host_device.c.obj (.data:_device)
                  20001730    00000050                                   : host_device.c.obj (.data:_stream)
                  20001780    00000010                                   : defs.c.obj (.data)
                  20001790    0000000c                                   : exit.c.obj (.data:$O1$$)
                  2000179c    00000008                                   : _lock.c.obj (.data:$O1$$)
                  200017a4    00000008                                   : memory.c.obj (.data:$O1$$)
                  200017ac    00000005     Util.lib : event.obj (.data)
                  200017b1    00000003     --HOLE--
                  200017b4    00000004              : pushbutton.obj (.data)
                  200017b8    00000004     rtsv7M4_T_le_v4SPD16_eabi.lib : errno.c.obj (.data)

__llvm_prf_cnts 
*          0    20000000    00000000     UNINITIALIZED

MODULE SUMMARY

       Module                         code    ro data   rw data
       ------                         ----    -------   -------
    .\
       tm4c123gh6pm_startup_ccs.obj   12      620       0      
       ranger.obj                     288     0         8      
       lab8_main.obj                  90      0         20     
    +--+------------------------------+-------+---------+---------+
       Total:                         390     620       28     
                                                               
    C:/Users/aweso/OneDrive/Desktop/ECE 266/LabGroupC1/Util/Util/Debug/Util.lib
       event.obj                      1136    0         277    
       pushbutton.obj                 408     0         20     
       uart.obj                       200     0         84     
       launchpad.obj                  192     0         0      
       led.obj                        132     0         0      
    +--+------------------------------+-------+---------+---------+
       Total:                         2068    0         381    
                                                               
    C:/ti/TivaWare_C_Series-2.2.0.295/driverlib/ccs/Debug/driverlib.lib
       gpio.obj                       786     552       0      
       interrupt.obj                  192     176       620    
       sysctl.obj                     582     108       0      
       timer.obj                      328     160       0      
       uart.obj                       142     0         0      
       systick.obj                    84      0         0      
    +--+------------------------------+-------+---------+---------+
       Total:                         2114    996       620    
                                                               
    C:\ti\ccs1281\ccs\tools\compiler\ti-cgt-arm_20.2.7.LTS\lib\rtsv7M4_T_le_v4SPD16_eabi.lib
       _printfi.c.obj                 4851    0         0      
       memory.c.obj                   672     0         8      
       fd_add_t2.asm.obj              438     0         0      
       defs.c.obj                     0       0         416    
       trgmsg.c.obj                   108     0         288    
       fd_div_t2.asm.obj              310     0         0      
       fputs.c.obj                    276     0         0      
       s_scalbn.c.obj                 272     0         0      
       fd_cmp_t2.asm.obj              268     0         0      
       ctype.c.obj                    0       257       0      
       fd_mul_t2.asm.obj              252     0         0      
       setvbuf.c.obj                  220     0         0      
       fflush.c.obj                   200     0         0      
       host_device.c.obj              0       0         200    
       memcpy_t2.asm.obj              156     0         0      
       ull_div_t2.asm.obj             150     0         0      
       vsnprintf.c.obj                136     0         0      
       memset_t2.asm.obj              122     0         0      
       fclose.c.obj                   116     0         0      
       getdevice.c.obj                116     0         0      
       hostrename.c.obj               108     0         0      
       copy_decompress_lzss.c.obj     104     0         0      
       hostlseek.c.obj                104     0         0      
       hostopen.c.obj                 96      0         8      
       fseek.c.obj                    100     0         0      
       s_frexp.c.obj                  100     0         0      
       _io_perm.c.obj                 98      0         0      
       close.c.obj                    92      0         0      
       exit.c.obj                     76      0         12     
       hostread.c.obj                 88      0         0      
       hostwrite.c.obj                88      0         0      
       _ltoa.c.obj                    84      0         0      
       atoi.c.obj                     76      0         0      
       fd_toi_t2.asm.obj              72      0         0      
       autoinit.c.obj                 68      0         0      
       hostclose.c.obj                68      0         0      
       hostunlink.c.obj               68      0         0      
       strncpy.c.obj                  54      0         0      
       boot_cortex_m.c.obj            52      0         0      
       fopen.c.obj                    52      0         0      
       i_tofd_t2.asm.obj              46      0         0      
       unlink.c.obj                   44      0         0      
       lseek.c.obj                    40      0         0      
       write.c.obj                    40      0         0      
       memchr.c.obj                   32      0         0      
       assert.c.obj                   28      0         0      
       memccpy.c.obj                  28      0         0      
       s_copysign.c.obj               26      0         0      
       strcmp.c.obj                   24      0         0      
       strchr.c.obj                   22      0         0      
       strcpy.c.obj                   20      0         0      
       strlen.c.obj                   20      0         0      
       wcslen.c.obj                   18      0         0      
       copy_decompress_none.c.obj     14      0         0      
       copy_zero_init.c.obj           12      0         0      
       errno.c.obj                    8       0         4      
       _lock.c.obj                    2       0         8      
       pre_init.c.obj                 4       0         0      
       div0.asm.obj                   2       0         0      
    +--+------------------------------+-------+---------+---------+
       Total:                         10741   257       944    
                                                               
       Heap:                          0       0         2048   
       Stack:                         0       0         2048   
       Linker Generated:              0       159       0      
    +--+------------------------------+-------+---------+---------+
       Grand Total:                   15313   2032      6069   


LINKER GENERATED COPY TABLES

__TI_cinit_table @ 000043c0 records: 3, size/record: 8, table size: 24
	.data: load addr=00004338, load size=0000006b bytes, run addr=200015c8, run size=000001f4 bytes, compression=lzss
	.bss: load addr=000043b0, load size=00000008 bytes, run addr=20001270, run size=00000358 bytes, compression=zero_init
	.vtable: load addr=000043b8, load size=00000008 bytes, run addr=20000000, run size=0000026c bytes, compression=zero_init


LINKER GENERATED HANDLER TABLE

__TI_handler_table @ 000043a4 records: 3, size/record: 4, table size: 12
	index: 0, handler: __TI_zero_init
	index: 1, handler: __TI_decompress_lzss
	index: 2, handler: __TI_decompress_none


GLOBAL SYMBOLS: SORTED ALPHABETICALLY BY Name 

address   name                           
-------   ----                           
00003e4d  C$$EXIT                        
00003853  C$$IO$$                        
00000fd5  EventDeschedule                
00001031  EventExecute                   
0000107d  EventGetCurrentTime            
00000ea7  EventInit                      
00003c91  EventInitialized               
00000efd  EventSchedule                  
00000e2b  EventSchedulerInit             
00003a27  GPIODirModeSet                 
00003e2d  GPIOIntClear                   
00003ddd  GPIOIntEnable                  
00003c01  GPIOIntRegister                
00003201  GPIOIntTypeSet                 
000018bd  GPIOPadConfigSet               
00003405  GPIOPinConfigure               
00003e33  GPIOPinRead                    
00003ca7  GPIOPinTypeGPIOInput           
00003bcd  GPIOPinTypeGPIOOutput          
00003cbd  GPIOPinTypeTimer               
00003cd3  GPIOPinTypeUART                
00003e39  GPIOPinWrite                   
0000360d  HOSTclose                      
00002e81  HOSTlseek                      
000030e5  HOSTopen                       
00003259  HOSTread                       
00002e15  HOSTrename                     
00003651  HOSTunlink                     
000032b1  HOSTwrite                      
00000cbd  HeapifyDownwards               
00000d8d  HeapifyUpwards                 
00002ee9  IntEnable                      
00003af9  IntPrioritySet                 
00003895  IntRegister                    
000027c1  LaunchPadInit                  
00002b45  LedInit                        
00002b67  LedTurnOnOff                   
0000178d  PushButtonEventRegister        
00001725  PushButtonInit                 
000017b7  PushButtonRead                 
000017a7  PushButtonSetDebouncingDelay   
00001e6d  RangerDataReady                
00001e73  RangerISR                      
00001dc1  RangerInit                     
00001e1b  RangerTriggerReading           
00003df5  ResetISR                       
00001ee1  SysCtlClockGet                 
00002419  SysCtlClockSet                 
00003e3f  SysCtlDelay                    
000038c9  SysCtlPeripheralEnable         
00003d15  SysTickEnable                  
00003d29  SysTickIntEnable               
00003b5d  SysTickIntRegister             
00003db1  SysTickPeriodSet               
00003145  TimerConfigure                 
00003ce9  TimerControlEvent              
00003c19  TimerControlLevel              
00003c31  TimerDisable                   
00003dc1  TimerEnable                    
00003e45  TimerIntClear                  
00003e15  TimerIntEnable                 
00003c49  TimerIntRegister               
00003d79  TimerLoadSet                   
00003d8b  TimerMatchSet                  
00003761  TriggerRangerReading           
00003e01  UARTCharGet                    
00003e0b  UARTCharPut                    
000035c5  UARTConfigSetExpClk            
00003b1d  UARTDisable                    
00003d3d  UARTEnable                     
00002719  UartGetChar                    
000026cd  UartInit                       
00002707  UartPutChar                    
0000272b  UartPutString                  
00002795  WaitUs                         
20001270  __CIOBUF_                      
20000a70  __STACK_END                    
00000800  __STACK_SIZE                   
20000470  __STACK_TOP                    
00000800  __SYSMEM_SIZE                  
000043c0  __TI_CINIT_Base                
000043d8  __TI_CINIT_Limit               
000043a4  __TI_Handler_Table_Base        
000043b0  __TI_Handler_Table_Limit       
000036d9  __TI_auto_init_nobinit_nopinit 
000038fd  __TI_cleanup                   
20001790  __TI_cleanup_ptr               
00002cc1  __TI_closefile                 
00002f51  __TI_decompress_lzss           
00003dcf  __TI_decompress_none           
0000349d  __TI_doflush                   
20001794  __TI_dtors_ptr                 
20001798  __TI_enable_exit_profile_output
20001780  __TI_ft_end                    
0000335f  __TI_ltoa                      
ffffffff  __TI_pprof_out_hndl            
0000026d  __TI_printfi                   
ffffffff  __TI_prof_data_size            
ffffffff  __TI_prof_data_start           
00003931  __TI_readmsg                   
00000000  __TI_static_base__             
20001490  __TI_tmpnams                   
00003825  __TI_writemsg                  
00003081  __TI_wrt_ok                    
00003de9  __TI_zero_init                 
00002a39  __aeabi_cdcmpeq                
00002a39  __aeabi_cdcmple                
00002abf  __aeabi_cdrcmple               
0000357d  __aeabi_d2iz                   
00001577  __aeabi_dadd                   
00001b65  __aeabi_ddiv                   
0000231d  __aeabi_dmul                   
0000156d  __aeabi_dsub                   
00003e1d  __aeabi_errno_addr             
000039f9  __aeabi_i2d                    
00001723  __aeabi_idiv0                  
00001723  __aeabi_ldiv0                  
00002c45  __aeabi_memclr                 
00002c45  __aeabi_memclr4                
00002c45  __aeabi_memclr8                
00002907  __aeabi_memcpy                 
00002907  __aeabi_memcpy4                
00002907  __aeabi_memcpy8                
00002c47  __aeabi_memset                 
00002c47  __aeabi_memset4                
00002c47  __aeabi_memset8                
2000178c  __aeabi_stderr                 
20001784  __aeabi_stdin                  
20001788  __aeabi_stdout                 
000029a3  __aeabi_uldivmod               
ffffffff  __binit__                      
ffffffff  __c_args__                     
UNDEFED   __mpu_init                     
20000270  __stack                        
20000000  __start___llvm_prf_cnts        
20000000  __stop___llvm_prf_cnts         
00003b79  _abort_msg                     
00003965  _c_int00_noargs                
00003e50  _ctypes_                       
200016b8  _device                        
200015c8  _ftable                        
2000179c  _lock                          
00000cbb  _nop                           
20001730  _stream                        
20000a70  _sys_memory                    
UNDEFED   _system_post_cinit             
00003e49  _system_pre_init               
200017a0  _unlock                        
00003e4d  abort                          
0000221d  aligned_alloc                  
000034e9  atoi                           
ffffffff  binit                          
000031a5  close                          
00003be7  copysign                       
00003be7  copysignl                      
200017b8  errno                          
00003535  exit                           
00002bc9  fflush                         
000039c9  finddevice                     
00001ff9  fputs                          
0000250d  free                           
00002fb9  frexp                          
00002fb9  frexpl                         
0000301d  fseek                          
20000000  g_pfnRAMVectors                
00000000  g_pfnVectors                   
0000371d  getdevice                      
0000210d  ldexp                          
0000210d  ldexpl                         
00003aa9  lseek                          
00003779  main                           
00003e25  malloc                         
0000221d  memalign                       
00003bb1  memccpy                        
00003b3d  memchr                         
00002907  memcpy                         
00002c4d  memset                         
200015b8  parmbuf                        
200015c0  ranger                         
00003a55  remove                         
0000210d  scalbn                         
0000210d  scalbnl                        
000025f1  setvbuf                        
00003cff  strchr                         
00003c79  strcmp                         
00003d51  strcpy                         
00003d65  strlen                         
0000385d  strncpy                        
20001584  trigger_ranger_reading_event   
00003a55  unlink                         
00002757  uprintf                        
000037a5  vsnprintf                      
00003d9d  wcslen                         
00003ad1  write                          


GLOBAL SYMBOLS: SORTED BY Symbol Address 

address   name                           
-------   ----                           
00000000  __TI_static_base__             
00000000  g_pfnVectors                   
0000026d  __TI_printfi                   
00000800  __STACK_SIZE                   
00000800  __SYSMEM_SIZE                  
00000cbb  _nop                           
00000cbd  HeapifyDownwards               
00000d8d  HeapifyUpwards                 
00000e2b  EventSchedulerInit             
00000ea7  EventInit                      
00000efd  EventSchedule                  
00000fd5  EventDeschedule                
00001031  EventExecute                   
0000107d  EventGetCurrentTime            
0000156d  __aeabi_dsub                   
00001577  __aeabi_dadd                   
00001723  __aeabi_idiv0                  
00001723  __aeabi_ldiv0                  
00001725  PushButtonInit                 
0000178d  PushButtonEventRegister        
000017a7  PushButtonSetDebouncingDelay   
000017b7  PushButtonRead                 
000018bd  GPIOPadConfigSet               
00001b65  __aeabi_ddiv                   
00001dc1  RangerInit                     
00001e1b  RangerTriggerReading           
00001e6d  RangerDataReady                
00001e73  RangerISR                      
00001ee1  SysCtlClockGet                 
00001ff9  fputs                          
0000210d  ldexp                          
0000210d  ldexpl                         
0000210d  scalbn                         
0000210d  scalbnl                        
0000221d  aligned_alloc                  
0000221d  memalign                       
0000231d  __aeabi_dmul                   
00002419  SysCtlClockSet                 
0000250d  free                           
000025f1  setvbuf                        
000026cd  UartInit                       
00002707  UartPutChar                    
00002719  UartGetChar                    
0000272b  UartPutString                  
00002757  uprintf                        
00002795  WaitUs                         
000027c1  LaunchPadInit                  
00002907  __aeabi_memcpy                 
00002907  __aeabi_memcpy4                
00002907  __aeabi_memcpy8                
00002907  memcpy                         
000029a3  __aeabi_uldivmod               
00002a39  __aeabi_cdcmpeq                
00002a39  __aeabi_cdcmple                
00002abf  __aeabi_cdrcmple               
00002b45  LedInit                        
00002b67  LedTurnOnOff                   
00002bc9  fflush                         
00002c45  __aeabi_memclr                 
00002c45  __aeabi_memclr4                
00002c45  __aeabi_memclr8                
00002c47  __aeabi_memset                 
00002c47  __aeabi_memset4                
00002c47  __aeabi_memset8                
00002c4d  memset                         
00002cc1  __TI_closefile                 
00002e15  HOSTrename                     
00002e81  HOSTlseek                      
00002ee9  IntEnable                      
00002f51  __TI_decompress_lzss           
00002fb9  frexp                          
00002fb9  frexpl                         
0000301d  fseek                          
00003081  __TI_wrt_ok                    
000030e5  HOSTopen                       
00003145  TimerConfigure                 
000031a5  close                          
00003201  GPIOIntTypeSet                 
00003259  HOSTread                       
000032b1  HOSTwrite                      
0000335f  __TI_ltoa                      
00003405  GPIOPinConfigure               
0000349d  __TI_doflush                   
000034e9  atoi                           
00003535  exit                           
0000357d  __aeabi_d2iz                   
000035c5  UARTConfigSetExpClk            
0000360d  HOSTclose                      
00003651  HOSTunlink                     
000036d9  __TI_auto_init_nobinit_nopinit 
0000371d  getdevice                      
00003761  TriggerRangerReading           
00003779  main                           
000037a5  vsnprintf                      
00003825  __TI_writemsg                  
00003853  C$$IO$$                        
0000385d  strncpy                        
00003895  IntRegister                    
000038c9  SysCtlPeripheralEnable         
000038fd  __TI_cleanup                   
00003931  __TI_readmsg                   
00003965  _c_int00_noargs                
000039c9  finddevice                     
000039f9  __aeabi_i2d                    
00003a27  GPIODirModeSet                 
00003a55  remove                         
00003a55  unlink                         
00003aa9  lseek                          
00003ad1  write                          
00003af9  IntPrioritySet                 
00003b1d  UARTDisable                    
00003b3d  memchr                         
00003b5d  SysTickIntRegister             
00003b79  _abort_msg                     
00003bb1  memccpy                        
00003bcd  GPIOPinTypeGPIOOutput          
00003be7  copysign                       
00003be7  copysignl                      
00003c01  GPIOIntRegister                
00003c19  TimerControlLevel              
00003c31  TimerDisable                   
00003c49  TimerIntRegister               
00003c79  strcmp                         
00003c91  EventInitialized               
00003ca7  GPIOPinTypeGPIOInput           
00003cbd  GPIOPinTypeTimer               
00003cd3  GPIOPinTypeUART                
00003ce9  TimerControlEvent              
00003cff  strchr                         
00003d15  SysTickEnable                  
00003d29  SysTickIntEnable               
00003d3d  UARTEnable                     
00003d51  strcpy                         
00003d65  strlen                         
00003d79  TimerLoadSet                   
00003d8b  TimerMatchSet                  
00003d9d  wcslen                         
00003db1  SysTickPeriodSet               
00003dc1  TimerEnable                    
00003dcf  __TI_decompress_none           
00003ddd  GPIOIntEnable                  
00003de9  __TI_zero_init                 
00003df5  ResetISR                       
00003e01  UARTCharGet                    
00003e0b  UARTCharPut                    
00003e15  TimerIntEnable                 
00003e1d  __aeabi_errno_addr             
00003e25  malloc                         
00003e2d  GPIOIntClear                   
00003e33  GPIOPinRead                    
00003e39  GPIOPinWrite                   
00003e3f  SysCtlDelay                    
00003e45  TimerIntClear                  
00003e49  _system_pre_init               
00003e4d  C$$EXIT                        
00003e4d  abort                          
00003e50  _ctypes_                       
000043a4  __TI_Handler_Table_Base        
000043b0  __TI_Handler_Table_Limit       
000043c0  __TI_CINIT_Base                
000043d8  __TI_CINIT_Limit               
20000000  __start___llvm_prf_cnts        
20000000  __stop___llvm_prf_cnts         
20000000  g_pfnRAMVectors                
20000270  __stack                        
20000470  __STACK_TOP                    
20000a70  __STACK_END                    
20000a70  _sys_memory                    
20001270  __CIOBUF_                      
20001490  __TI_tmpnams                   
20001584  trigger_ranger_reading_event   
200015b8  parmbuf                        
200015c0  ranger                         
200015c8  _ftable                        
200016b8  _device                        
20001730  _stream                        
20001780  __TI_ft_end                    
20001784  __aeabi_stdin                  
20001788  __aeabi_stdout                 
2000178c  __aeabi_stderr                 
20001790  __TI_cleanup_ptr               
20001794  __TI_dtors_ptr                 
20001798  __TI_enable_exit_profile_output
2000179c  _lock                          
200017a0  _unlock                        
200017b8  errno                          
ffffffff  __TI_pprof_out_hndl            
ffffffff  __TI_prof_data_size            
ffffffff  __TI_prof_data_start           
ffffffff  __binit__                      
ffffffff  __c_args__                     
ffffffff  binit                          
UNDEFED   __mpu_init                     
UNDEFED   _system_post_cinit             

[194 symbols]
