<?xml version="1.0" encoding="ISO-8859-1" ?>
<link_info>
   <banner>TI ARM Linker PC v20.2.7.LTS</banner>
   <copyright>Copyright (c) 1996-2018 Texas Instruments Incorporated</copyright>
   <link_time>0x69de91f4</link_time>
   <link_errors>0x0</link_errors>
   <output_file>Lab8.out</output_file>
   <entry_point>
      <name>_c_int00_noargs</name>
      <address>0x3965</address>
   </entry_point>
   <input_file_list>
      <input_file id="fl-2">
         <path>.\</path>
         <kind>object</kind>
         <file>lab8_main.obj</file>
         <name>lab8_main.obj</name>
      </input_file>
      <input_file id="fl-3">
         <path>.\</path>
         <kind>object</kind>
         <file>ranger.obj</file>
         <name>ranger.obj</name>
      </input_file>
      <input_file id="fl-4">
         <path>.\</path>
         <kind>object</kind>
         <file>tm4c123gh6pm_startup_ccs.obj</file>
         <name>tm4c123gh6pm_startup_ccs.obj</name>
      </input_file>
      <input_file id="fl-a">
         <kind>object</kind>
         <file>&lt;internal&gt;</file>
         <name>&lt;internal&gt;</name>
      </input_file>
      <input_file id="fl-c0">
         <path>C:\ti\ccs1281\ccs\tools\compiler\ti-cgt-arm_20.2.7.LTS\lib\</path>
         <kind>archive</kind>
         <file>rtsv7M4_T_le_v4SPD16_eabi.lib</file>
         <name>copy_zero_init.c.obj</name>
      </input_file>
      <input_file id="fl-c1">
         <path>C:\ti\ccs1281\ccs\tools\compiler\ti-cgt-arm_20.2.7.LTS\lib\</path>
         <kind>archive</kind>
         <file>rtsv7M4_T_le_v4SPD16_eabi.lib</file>
         <name>copy_decompress_none.c.obj</name>
      </input_file>
      <input_file id="fl-c2">
         <path>C:\ti\ccs1281\ccs\tools\compiler\ti-cgt-arm_20.2.7.LTS\lib\</path>
         <kind>archive</kind>
         <file>rtsv7M4_T_le_v4SPD16_eabi.lib</file>
         <name>copy_decompress_lzss.c.obj</name>
      </input_file>
      <input_file id="fl-c3">
         <path>C:\ti\ccs1281\ccs\tools\compiler\ti-cgt-arm_20.2.7.LTS\lib\</path>
         <kind>archive</kind>
         <file>rtsv7M4_T_le_v4SPD16_eabi.lib</file>
         <name>boot_cortex_m.c.obj</name>
      </input_file>
      <input_file id="fl-c4">
         <path>C:\ti\ccs1281\ccs\tools\compiler\ti-cgt-arm_20.2.7.LTS\lib\</path>
         <kind>archive</kind>
         <file>rtsv7M4_T_le_v4SPD16_eabi.lib</file>
         <name>memcpy_t2.asm.obj</name>
      </input_file>
      <input_file id="fl-c5">
         <path>C:\ti\ccs1281\ccs\tools\compiler\ti-cgt-arm_20.2.7.LTS\lib\</path>
         <kind>archive</kind>
         <file>rtsv7M4_T_le_v4SPD16_eabi.lib</file>
         <name>memset_t2.asm.obj</name>
      </input_file>
      <input_file id="fl-c6">
         <path>C:\ti\ccs1281\ccs\tools\compiler\ti-cgt-arm_20.2.7.LTS\lib\</path>
         <kind>archive</kind>
         <file>rtsv7M4_T_le_v4SPD16_eabi.lib</file>
         <name>autoinit.c.obj</name>
      </input_file>
      <input_file id="fl-c7">
         <path>C:\ti\ccs1281\ccs\tools\compiler\ti-cgt-arm_20.2.7.LTS\lib\</path>
         <kind>archive</kind>
         <file>rtsv7M4_T_le_v4SPD16_eabi.lib</file>
         <name>pre_init.c.obj</name>
      </input_file>
      <input_file id="fl-c8">
         <path>C:\ti\ccs1281\ccs\tools\compiler\ti-cgt-arm_20.2.7.LTS\lib\</path>
         <kind>archive</kind>
         <file>rtsv7M4_T_le_v4SPD16_eabi.lib</file>
         <name>cpy_tbl.c.obj</name>
      </input_file>
      <input_file id="fl-c9">
         <path>C:\ti\ccs1281\ccs\tools\compiler\ti-cgt-arm_20.2.7.LTS\lib\</path>
         <kind>archive</kind>
         <file>rtsv7M4_T_le_v4SPD16_eabi.lib</file>
         <name>exit.c.obj</name>
      </input_file>
      <input_file id="fl-ca">
         <path>C:\ti\ccs1281\ccs\tools\compiler\ti-cgt-arm_20.2.7.LTS\lib\</path>
         <kind>archive</kind>
         <file>rtsv7M4_T_le_v4SPD16_eabi.lib</file>
         <name>_lock.c.obj</name>
      </input_file>
      <input_file id="fl-cb">
         <path>C:\ti\ccs1281\ccs\tools\compiler\ti-cgt-arm_20.2.7.LTS\lib\</path>
         <kind>archive</kind>
         <file>rtsv7M4_T_le_v4SPD16_eabi.lib</file>
         <name>args_main.c.obj</name>
      </input_file>
      <input_file id="fl-cc">
         <path>C:\ti\TivaWare_C_Series-2.2.0.295\driverlib\ccs\Debug\</path>
         <kind>archive</kind>
         <file>driverlib.lib</file>
         <name>gpio.obj</name>
      </input_file>
      <input_file id="fl-cd">
         <path>C:\ti\TivaWare_C_Series-2.2.0.295\driverlib\ccs\Debug\</path>
         <kind>archive</kind>
         <file>driverlib.lib</file>
         <name>interrupt.obj</name>
      </input_file>
      <input_file id="fl-ce">
         <path>C:\ti\TivaWare_C_Series-2.2.0.295\driverlib\ccs\Debug\</path>
         <kind>archive</kind>
         <file>driverlib.lib</file>
         <name>sysctl.obj</name>
      </input_file>
      <input_file id="fl-cf">
         <path>C:\ti\TivaWare_C_Series-2.2.0.295\driverlib\ccs\Debug\</path>
         <kind>archive</kind>
         <file>driverlib.lib</file>
         <name>timer.obj</name>
      </input_file>
      <input_file id="fl-d0">
         <path>C:\ti\TivaWare_C_Series-2.2.0.295\driverlib\ccs\Debug\</path>
         <kind>archive</kind>
         <file>driverlib.lib</file>
         <name>cpu.obj</name>
      </input_file>
      <input_file id="fl-d1">
         <path>C:\Users\aweso\OneDrive\Desktop\ECE 266\LabGroupC1\Util\Util\Debug\</path>
         <kind>archive</kind>
         <file>Util.lib</file>
         <name>event.obj</name>
      </input_file>
      <input_file id="fl-d2">
         <path>C:\Users\aweso\OneDrive\Desktop\ECE 266\LabGroupC1\Util\Util\Debug\</path>
         <kind>archive</kind>
         <file>Util.lib</file>
         <name>launchpad.obj</name>
      </input_file>
      <input_file id="fl-d3">
         <path>C:\Users\aweso\OneDrive\Desktop\ECE 266\LabGroupC1\Util\Util\Debug\</path>
         <kind>archive</kind>
         <file>Util.lib</file>
         <name>led.obj</name>
      </input_file>
      <input_file id="fl-d4">
         <path>C:\Users\aweso\OneDrive\Desktop\ECE 266\LabGroupC1\Util\Util\Debug\</path>
         <kind>archive</kind>
         <file>Util.lib</file>
         <name>pushbutton.obj</name>
      </input_file>
      <input_file id="fl-d5">
         <path>C:\Users\aweso\OneDrive\Desktop\ECE 266\LabGroupC1\Util\Util\Debug\</path>
         <kind>archive</kind>
         <file>Util.lib</file>
         <name>uart.obj</name>
      </input_file>
      <input_file id="fl-d6">
         <path>C:\ti\ccs1281\ccs\tools\compiler\ti-cgt-arm_20.2.7.LTS\lib\</path>
         <kind>archive</kind>
         <file>rtsv7M4_T_le_v4SPD16_eabi.lib</file>
         <name>vsnprintf.c.obj</name>
      </input_file>
      <input_file id="fl-d7">
         <path>C:\ti\ccs1281\ccs\tools\compiler\ti-cgt-arm_20.2.7.LTS\lib\</path>
         <kind>archive</kind>
         <file>rtsv7M4_T_le_v4SPD16_eabi.lib</file>
         <name>ull_div_t2.asm.obj</name>
      </input_file>
      <input_file id="fl-d8">
         <path>C:\ti\ccs1281\ccs\tools\compiler\ti-cgt-arm_20.2.7.LTS\lib\</path>
         <kind>archive</kind>
         <file>rtsv7M4_T_le_v4SPD16_eabi.lib</file>
         <name>assert.c.obj</name>
      </input_file>
      <input_file id="fl-d9">
         <path>C:\ti\ccs1281\ccs\tools\compiler\ti-cgt-arm_20.2.7.LTS\lib\</path>
         <kind>archive</kind>
         <file>rtsv7M4_T_le_v4SPD16_eabi.lib</file>
         <name>defs.c.obj</name>
      </input_file>
      <input_file id="fl-da">
         <path>C:\ti\ccs1281\ccs\tools\compiler\ti-cgt-arm_20.2.7.LTS\lib\</path>
         <kind>archive</kind>
         <file>rtsv7M4_T_le_v4SPD16_eabi.lib</file>
         <name>_printfi.c.obj</name>
      </input_file>
      <input_file id="fl-db">
         <path>C:\ti\ccs1281\ccs\tools\compiler\ti-cgt-arm_20.2.7.LTS\lib\</path>
         <kind>archive</kind>
         <file>rtsv7M4_T_le_v4SPD16_eabi.lib</file>
         <name>fflush.c.obj</name>
      </input_file>
      <input_file id="fl-dc">
         <path>C:\ti\ccs1281\ccs\tools\compiler\ti-cgt-arm_20.2.7.LTS\lib\</path>
         <kind>archive</kind>
         <file>rtsv7M4_T_le_v4SPD16_eabi.lib</file>
         <name>fputs.c.obj</name>
      </input_file>
      <input_file id="fl-dd">
         <path>C:\ti\ccs1281\ccs\tools\compiler\ti-cgt-arm_20.2.7.LTS\lib\</path>
         <kind>archive</kind>
         <file>rtsv7M4_T_le_v4SPD16_eabi.lib</file>
         <name>_io_perm.c.obj</name>
      </input_file>
      <input_file id="fl-de">
         <path>C:\ti\ccs1281\ccs\tools\compiler\ti-cgt-arm_20.2.7.LTS\lib\</path>
         <kind>archive</kind>
         <file>rtsv7M4_T_le_v4SPD16_eabi.lib</file>
         <name>setvbuf.c.obj</name>
      </input_file>
      <input_file id="fl-df">
         <path>C:\ti\ccs1281\ccs\tools\compiler\ti-cgt-arm_20.2.7.LTS\lib\</path>
         <kind>archive</kind>
         <file>rtsv7M4_T_le_v4SPD16_eabi.lib</file>
         <name>div0.asm.obj</name>
      </input_file>
      <input_file id="fl-e0">
         <path>C:\ti\ccs1281\ccs\tools\compiler\ti-cgt-arm_20.2.7.LTS\lib\</path>
         <kind>archive</kind>
         <file>rtsv7M4_T_le_v4SPD16_eabi.lib</file>
         <name>fd_add_t2.asm.obj</name>
      </input_file>
      <input_file id="fl-e1">
         <path>C:\ti\ccs1281\ccs\tools\compiler\ti-cgt-arm_20.2.7.LTS\lib\</path>
         <kind>archive</kind>
         <file>rtsv7M4_T_le_v4SPD16_eabi.lib</file>
         <name>fd_cmp_t2.asm.obj</name>
      </input_file>
      <input_file id="fl-e2">
         <path>C:\ti\ccs1281\ccs\tools\compiler\ti-cgt-arm_20.2.7.LTS\lib\</path>
         <kind>archive</kind>
         <file>rtsv7M4_T_le_v4SPD16_eabi.lib</file>
         <name>fd_div_t2.asm.obj</name>
      </input_file>
      <input_file id="fl-e3">
         <path>C:\ti\ccs1281\ccs\tools\compiler\ti-cgt-arm_20.2.7.LTS\lib\</path>
         <kind>archive</kind>
         <file>rtsv7M4_T_le_v4SPD16_eabi.lib</file>
         <name>fd_mul_t2.asm.obj</name>
      </input_file>
      <input_file id="fl-e4">
         <path>C:\ti\ccs1281\ccs\tools\compiler\ti-cgt-arm_20.2.7.LTS\lib\</path>
         <kind>archive</kind>
         <file>rtsv7M4_T_le_v4SPD16_eabi.lib</file>
         <name>fd_toi_t2.asm.obj</name>
      </input_file>
      <input_file id="fl-e5">
         <path>C:\ti\ccs1281\ccs\tools\compiler\ti-cgt-arm_20.2.7.LTS\lib\</path>
         <kind>archive</kind>
         <file>rtsv7M4_T_le_v4SPD16_eabi.lib</file>
         <name>i_tofd_t2.asm.obj</name>
      </input_file>
      <input_file id="fl-e6">
         <path>C:\ti\ccs1281\ccs\tools\compiler\ti-cgt-arm_20.2.7.LTS\lib\</path>
         <kind>archive</kind>
         <file>rtsv7M4_T_le_v4SPD16_eabi.lib</file>
         <name>_ltoa.c.obj</name>
      </input_file>
      <input_file id="fl-e7">
         <path>C:\ti\ccs1281\ccs\tools\compiler\ti-cgt-arm_20.2.7.LTS\lib\</path>
         <kind>archive</kind>
         <file>rtsv7M4_T_le_v4SPD16_eabi.lib</file>
         <name>atoi.c.obj</name>
      </input_file>
      <input_file id="fl-e8">
         <path>C:\ti\ccs1281\ccs\tools\compiler\ti-cgt-arm_20.2.7.LTS\lib\</path>
         <kind>archive</kind>
         <file>rtsv7M4_T_le_v4SPD16_eabi.lib</file>
         <name>ctype.c.obj</name>
      </input_file>
      <input_file id="fl-e9">
         <path>C:\ti\ccs1281\ccs\tools\compiler\ti-cgt-arm_20.2.7.LTS\lib\</path>
         <kind>archive</kind>
         <file>rtsv7M4_T_le_v4SPD16_eabi.lib</file>
         <name>memccpy.c.obj</name>
      </input_file>
      <input_file id="fl-ea">
         <path>C:\ti\ccs1281\ccs\tools\compiler\ti-cgt-arm_20.2.7.LTS\lib\</path>
         <kind>archive</kind>
         <file>rtsv7M4_T_le_v4SPD16_eabi.lib</file>
         <name>memchr.c.obj</name>
      </input_file>
      <input_file id="fl-eb">
         <path>C:\ti\ccs1281\ccs\tools\compiler\ti-cgt-arm_20.2.7.LTS\lib\</path>
         <kind>archive</kind>
         <file>rtsv7M4_T_le_v4SPD16_eabi.lib</file>
         <name>memory.c.obj</name>
      </input_file>
      <input_file id="fl-ec">
         <path>C:\ti\ccs1281\ccs\tools\compiler\ti-cgt-arm_20.2.7.LTS\lib\</path>
         <kind>archive</kind>
         <file>rtsv7M4_T_le_v4SPD16_eabi.lib</file>
         <name>strchr.c.obj</name>
      </input_file>
      <input_file id="fl-ed">
         <path>C:\ti\ccs1281\ccs\tools\compiler\ti-cgt-arm_20.2.7.LTS\lib\</path>
         <kind>archive</kind>
         <file>rtsv7M4_T_le_v4SPD16_eabi.lib</file>
         <name>strlen.c.obj</name>
      </input_file>
      <input_file id="fl-ee">
         <path>C:\ti\ccs1281\ccs\tools\compiler\ti-cgt-arm_20.2.7.LTS\lib\</path>
         <kind>archive</kind>
         <file>rtsv7M4_T_le_v4SPD16_eabi.lib</file>
         <name>write.c.obj</name>
      </input_file>
      <input_file id="fl-ef">
         <path>C:\ti\ccs1281\ccs\tools\compiler\ti-cgt-arm_20.2.7.LTS\lib\</path>
         <kind>archive</kind>
         <file>rtsv7M4_T_le_v4SPD16_eabi.lib</file>
         <name>host_device.c.obj</name>
      </input_file>
      <input_file id="fl-f0">
         <path>C:\ti\ccs1281\ccs\tools\compiler\ti-cgt-arm_20.2.7.LTS\lib\</path>
         <kind>archive</kind>
         <file>rtsv7M4_T_le_v4SPD16_eabi.lib</file>
         <name>errno.c.obj</name>
      </input_file>
      <input_file id="fl-f1">
         <path>C:\ti\ccs1281\ccs\tools\compiler\ti-cgt-arm_20.2.7.LTS\lib\</path>
         <kind>archive</kind>
         <file>rtsv7M4_T_le_v4SPD16_eabi.lib</file>
         <name>wcslen.c.obj</name>
      </input_file>
      <input_file id="fl-f2">
         <path>C:\ti\ccs1281\ccs\tools\compiler\ti-cgt-arm_20.2.7.LTS\lib\</path>
         <kind>archive</kind>
         <file>rtsv7M4_T_le_v4SPD16_eabi.lib</file>
         <name>s_frexp.c.obj</name>
      </input_file>
      <input_file id="fl-f3">
         <path>C:\ti\ccs1281\ccs\tools\compiler\ti-cgt-arm_20.2.7.LTS\lib\</path>
         <kind>archive</kind>
         <file>rtsv7M4_T_le_v4SPD16_eabi.lib</file>
         <name>s_scalbn.c.obj</name>
      </input_file>
      <input_file id="fl-f4">
         <path>C:\ti\ccs1281\ccs\tools\compiler\ti-cgt-arm_20.2.7.LTS\lib\</path>
         <kind>archive</kind>
         <file>rtsv7M4_T_le_v4SPD16_eabi.lib</file>
         <name>fopen.c.obj</name>
      </input_file>
      <input_file id="fl-f5">
         <path>C:\ti\ccs1281\ccs\tools\compiler\ti-cgt-arm_20.2.7.LTS\lib\</path>
         <kind>archive</kind>
         <file>rtsv7M4_T_le_v4SPD16_eabi.lib</file>
         <name>fseek.c.obj</name>
      </input_file>
      <input_file id="fl-f6">
         <path>C:\ti\ccs1281\ccs\tools\compiler\ti-cgt-arm_20.2.7.LTS\lib\</path>
         <kind>archive</kind>
         <file>rtsv7M4_T_le_v4SPD16_eabi.lib</file>
         <name>hostclose.c.obj</name>
      </input_file>
      <input_file id="fl-f7">
         <path>C:\ti\ccs1281\ccs\tools\compiler\ti-cgt-arm_20.2.7.LTS\lib\</path>
         <kind>archive</kind>
         <file>rtsv7M4_T_le_v4SPD16_eabi.lib</file>
         <name>hostlseek.c.obj</name>
      </input_file>
      <input_file id="fl-f8">
         <path>C:\ti\ccs1281\ccs\tools\compiler\ti-cgt-arm_20.2.7.LTS\lib\</path>
         <kind>archive</kind>
         <file>rtsv7M4_T_le_v4SPD16_eabi.lib</file>
         <name>hostopen.c.obj</name>
      </input_file>
      <input_file id="fl-f9">
         <path>C:\ti\ccs1281\ccs\tools\compiler\ti-cgt-arm_20.2.7.LTS\lib\</path>
         <kind>archive</kind>
         <file>rtsv7M4_T_le_v4SPD16_eabi.lib</file>
         <name>hostread.c.obj</name>
      </input_file>
      <input_file id="fl-fa">
         <path>C:\ti\ccs1281\ccs\tools\compiler\ti-cgt-arm_20.2.7.LTS\lib\</path>
         <kind>archive</kind>
         <file>rtsv7M4_T_le_v4SPD16_eabi.lib</file>
         <name>hostrename.c.obj</name>
      </input_file>
      <input_file id="fl-fb">
         <path>C:\ti\ccs1281\ccs\tools\compiler\ti-cgt-arm_20.2.7.LTS\lib\</path>
         <kind>archive</kind>
         <file>rtsv7M4_T_le_v4SPD16_eabi.lib</file>
         <name>hostunlink.c.obj</name>
      </input_file>
      <input_file id="fl-fc">
         <path>C:\ti\ccs1281\ccs\tools\compiler\ti-cgt-arm_20.2.7.LTS\lib\</path>
         <kind>archive</kind>
         <file>rtsv7M4_T_le_v4SPD16_eabi.lib</file>
         <name>hostwrite.c.obj</name>
      </input_file>
      <input_file id="fl-fd">
         <path>C:\ti\ccs1281\ccs\tools\compiler\ti-cgt-arm_20.2.7.LTS\lib\</path>
         <kind>archive</kind>
         <file>rtsv7M4_T_le_v4SPD16_eabi.lib</file>
         <name>trgmsg.c.obj</name>
      </input_file>
      <input_file id="fl-fe">
         <path>C:\ti\ccs1281\ccs\tools\compiler\ti-cgt-arm_20.2.7.LTS\lib\</path>
         <kind>archive</kind>
         <file>rtsv7M4_T_le_v4SPD16_eabi.lib</file>
         <name>open.c.obj</name>
      </input_file>
      <input_file id="fl-ff">
         <path>C:\ti\ccs1281\ccs\tools\compiler\ti-cgt-arm_20.2.7.LTS\lib\</path>
         <kind>archive</kind>
         <file>rtsv7M4_T_le_v4SPD16_eabi.lib</file>
         <name>lseek.c.obj</name>
      </input_file>
      <input_file id="fl-100">
         <path>C:\ti\ccs1281\ccs\tools\compiler\ti-cgt-arm_20.2.7.LTS\lib\</path>
         <kind>archive</kind>
         <file>rtsv7M4_T_le_v4SPD16_eabi.lib</file>
         <name>s_copysign.c.obj</name>
      </input_file>
      <input_file id="fl-101">
         <path>C:\ti\ccs1281\ccs\tools\compiler\ti-cgt-arm_20.2.7.LTS\lib\</path>
         <kind>archive</kind>
         <file>rtsv7M4_T_le_v4SPD16_eabi.lib</file>
         <name>fclose.c.obj</name>
      </input_file>
      <input_file id="fl-102">
         <path>C:\ti\ccs1281\ccs\tools\compiler\ti-cgt-arm_20.2.7.LTS\lib\</path>
         <kind>archive</kind>
         <file>rtsv7M4_T_le_v4SPD16_eabi.lib</file>
         <name>getdevice.c.obj</name>
      </input_file>
      <input_file id="fl-103">
         <path>C:\ti\ccs1281\ccs\tools\compiler\ti-cgt-arm_20.2.7.LTS\lib\</path>
         <kind>archive</kind>
         <file>rtsv7M4_T_le_v4SPD16_eabi.lib</file>
         <name>strcmp.c.obj</name>
      </input_file>
      <input_file id="fl-104">
         <path>C:\ti\ccs1281\ccs\tools\compiler\ti-cgt-arm_20.2.7.LTS\lib\</path>
         <kind>archive</kind>
         <file>rtsv7M4_T_le_v4SPD16_eabi.lib</file>
         <name>strcpy.c.obj</name>
      </input_file>
      <input_file id="fl-105">
         <path>C:\ti\ccs1281\ccs\tools\compiler\ti-cgt-arm_20.2.7.LTS\lib\</path>
         <kind>archive</kind>
         <file>rtsv7M4_T_le_v4SPD16_eabi.lib</file>
         <name>strncpy.c.obj</name>
      </input_file>
      <input_file id="fl-106">
         <path>C:\ti\ccs1281\ccs\tools\compiler\ti-cgt-arm_20.2.7.LTS\lib\</path>
         <kind>archive</kind>
         <file>rtsv7M4_T_le_v4SPD16_eabi.lib</file>
         <name>remove.c.obj</name>
      </input_file>
      <input_file id="fl-107">
         <path>C:\ti\ccs1281\ccs\tools\compiler\ti-cgt-arm_20.2.7.LTS\lib\</path>
         <kind>archive</kind>
         <file>rtsv7M4_T_le_v4SPD16_eabi.lib</file>
         <name>close.c.obj</name>
      </input_file>
      <input_file id="fl-108">
         <path>C:\ti\ccs1281\ccs\tools\compiler\ti-cgt-arm_20.2.7.LTS\lib\</path>
         <kind>archive</kind>
         <file>rtsv7M4_T_le_v4SPD16_eabi.lib</file>
         <name>unlink.c.obj</name>
      </input_file>
      <input_file id="fl-109">
         <path>C:\ti\TivaWare_C_Series-2.2.0.295\driverlib\ccs\Debug\</path>
         <kind>archive</kind>
         <file>driverlib.lib</file>
         <name>systick.obj</name>
      </input_file>
      <input_file id="fl-10a">
         <path>C:\ti\TivaWare_C_Series-2.2.0.295\driverlib\ccs\Debug\</path>
         <kind>archive</kind>
         <file>driverlib.lib</file>
         <name>uart.obj</name>
      </input_file>
   </input_file_list>
   <object_component_list>
      <object_component id="oc-12">
         <name>.intvecs</name>
         <load_address>0x0</load_address>
         <run_address>0x0</run_address>
         <size>0x26c</size>
         <input_file_ref idref="fl-4"/>
      </object_component>
      <object_component id="oc-37e">
         <name>.text:__TI_printfi</name>
         <load_address>0x26c</load_address>
         <run_address>0x26c</run_address>
         <size>0xa4e</size>
         <input_file_ref idref="fl-da"/>
      </object_component>
      <object_component id="oc-2d1">
         <name>.text:_nop</name>
         <load_address>0xcba</load_address>
         <run_address>0xcba</run_address>
         <size>0x2</size>
         <input_file_ref idref="fl-ca"/>
      </object_component>
      <object_component id="oc-e2">
         <name>.text</name>
         <load_address>0xcbc</load_address>
         <run_address>0xcbc</run_address>
         <size>0x470</size>
         <input_file_ref idref="fl-d1"/>
      </object_component>
      <object_component id="oc-40c">
         <name>.text:_pconv_a</name>
         <load_address>0x112c</load_address>
         <run_address>0x112c</run_address>
         <size>0x270</size>
         <input_file_ref idref="fl-da"/>
      </object_component>
      <object_component id="oc-3fa">
         <name>.text:_pconv_g</name>
         <load_address>0x139c</load_address>
         <run_address>0x139c</run_address>
         <size>0x1d0</size>
         <input_file_ref idref="fl-da"/>
      </object_component>
      <object_component id="oc-497">
         <name>.text</name>
         <load_address>0x156c</load_address>
         <run_address>0x156c</run_address>
         <size>0x1b6</size>
         <input_file_ref idref="fl-e0"/>
      </object_component>
      <object_component id="oc-25e">
         <name>.text</name>
         <load_address>0x1722</load_address>
         <run_address>0x1722</run_address>
         <size>0x2</size>
         <input_file_ref idref="fl-df"/>
      </object_component>
      <object_component id="oc-1c7">
         <name>.text</name>
         <load_address>0x1724</load_address>
         <run_address>0x1724</run_address>
         <size>0x198</size>
         <input_file_ref idref="fl-d4"/>
      </object_component>
      <object_component id="oc-207">
         <name>.text:GPIOPadConfigSet</name>
         <load_address>0x18bc</load_address>
         <run_address>0x18bc</run_address>
         <size>0x16c</size>
         <input_file_ref idref="fl-cc"/>
      </object_component>
      <object_component id="oc-406">
         <name>.text:_pconv_e</name>
         <load_address>0x1a28</load_address>
         <run_address>0x1a28</run_address>
         <size>0x13c</size>
         <input_file_ref idref="fl-da"/>
      </object_component>
      <object_component id="oc-47d">
         <name>.text</name>
         <load_address>0x1b64</load_address>
         <run_address>0x1b64</run_address>
         <size>0x136</size>
         <input_file_ref idref="fl-e2"/>
      </object_component>
      <object_component id="oc-4a9">
         <name>.text:fcvt</name>
         <load_address>0x1c9c</load_address>
         <run_address>0x1c9c</run_address>
         <size>0x124</size>
         <input_file_ref idref="fl-da"/>
      </object_component>
      <object_component id="oc-dc">
         <name>.text</name>
         <load_address>0x1dc0</load_address>
         <run_address>0x1dc0</run_address>
         <size>0x120</size>
         <input_file_ref idref="fl-3"/>
      </object_component>
      <object_component id="oc-187">
         <name>.text:SysCtlClockGet</name>
         <load_address>0x1ee0</load_address>
         <run_address>0x1ee0</run_address>
         <size>0x118</size>
         <input_file_ref idref="fl-ce"/>
      </object_component>
      <object_component id="oc-244">
         <name>.text:fputs</name>
         <load_address>0x1ff8</load_address>
         <run_address>0x1ff8</run_address>
         <size>0x114</size>
         <input_file_ref idref="fl-dc"/>
      </object_component>
      <object_component id="oc-4bd">
         <name>.text:scalbn</name>
         <load_address>0x210c</load_address>
         <run_address>0x210c</run_address>
         <size>0x110</size>
         <input_file_ref idref="fl-f3"/>
      </object_component>
      <object_component id="oc-4f5">
         <name>.text:aligned_alloc</name>
         <load_address>0x221c</load_address>
         <run_address>0x221c</run_address>
         <size>0x100</size>
         <input_file_ref idref="fl-eb"/>
      </object_component>
      <object_component id="oc-478">
         <name>.text</name>
         <load_address>0x231c</load_address>
         <run_address>0x231c</run_address>
         <size>0xfc</size>
         <input_file_ref idref="fl-e3"/>
      </object_component>
      <object_component id="oc-1c1">
         <name>.text:SysCtlClockSet</name>
         <load_address>0x2418</load_address>
         <run_address>0x2418</run_address>
         <size>0xf4</size>
         <input_file_ref idref="fl-ce"/>
      </object_component>
      <object_component id="oc-43c">
         <name>.text:free</name>
         <load_address>0x250c</load_address>
         <run_address>0x250c</run_address>
         <size>0xe4</size>
         <input_file_ref idref="fl-eb"/>
      </object_component>
      <object_component id="oc-3c2">
         <name>.text:setvbuf</name>
         <load_address>0x25f0</load_address>
         <run_address>0x25f0</run_address>
         <size>0xdc</size>
         <input_file_ref idref="fl-de"/>
      </object_component>
      <object_component id="oc-1d3">
         <name>.text</name>
         <load_address>0x26cc</load_address>
         <run_address>0x26cc</run_address>
         <size>0xc8</size>
         <input_file_ref idref="fl-d5"/>
      </object_component>
      <object_component id="oc-e8">
         <name>.text</name>
         <load_address>0x2794</load_address>
         <run_address>0x2794</run_address>
         <size>0xc0</size>
         <input_file_ref idref="fl-d2"/>
      </object_component>
      <object_component id="oc-3ef">
         <name>.text:_ltostr</name>
         <load_address>0x2854</load_address>
         <run_address>0x2854</run_address>
         <size>0xb1</size>
         <input_file_ref idref="fl-da"/>
      </object_component>
      <object_component id="oc-3e">
         <name>.text</name>
         <load_address>0x2906</load_address>
         <run_address>0x2906</run_address>
         <size>0x9c</size>
         <input_file_ref idref="fl-c4"/>
      </object_component>
      <object_component id="oc-1bb">
         <name>.text</name>
         <load_address>0x29a2</load_address>
         <run_address>0x29a2</run_address>
         <size>0x96</size>
         <input_file_ref idref="fl-d7"/>
      </object_component>
      <object_component id="oc-3f5">
         <name>.text:__aeabi_cdcmple</name>
         <load_address>0x2a38</load_address>
         <run_address>0x2a38</run_address>
         <size>0x86</size>
         <input_file_ref idref="fl-e1"/>
      </object_component>
      <object_component id="oc-482">
         <name>.text:__aeabi_cdrcmple</name>
         <load_address>0x2abe</load_address>
         <run_address>0x2abe</run_address>
         <size>0x86</size>
         <input_file_ref idref="fl-e1"/>
      </object_component>
      <object_component id="oc-1cd">
         <name>.text</name>
         <load_address>0x2b44</load_address>
         <run_address>0x2b44</run_address>
         <size>0x84</size>
         <input_file_ref idref="fl-d3"/>
      </object_component>
      <object_component id="oc-24a">
         <name>.text:fflush</name>
         <load_address>0x2bc8</load_address>
         <run_address>0x2bc8</run_address>
         <size>0x7c</size>
         <input_file_ref idref="fl-db"/>
      </object_component>
      <object_component id="oc-96">
         <name>.text</name>
         <load_address>0x2c44</load_address>
         <run_address>0x2c44</run_address>
         <size>0x7a</size>
         <input_file_ref idref="fl-c5"/>
      </object_component>
      <object_component id="oc-4fc">
         <name>.text:__TI_closefile</name>
         <load_address>0x2cc0</load_address>
         <run_address>0x2cc0</run_address>
         <size>0x74</size>
         <input_file_ref idref="fl-101"/>
      </object_component>
      <object_component id="oc-56e">
         <name>.text:split</name>
         <load_address>0x2d34</load_address>
         <run_address>0x2d34</run_address>
         <size>0x70</size>
         <input_file_ref idref="fl-eb"/>
      </object_component>
      <object_component id="oc-4a2">
         <name>.text:_mcpy</name>
         <load_address>0x2da4</load_address>
         <run_address>0x2da4</run_address>
         <size>0x6e</size>
         <input_file_ref idref="fl-da"/>
      </object_component>
      <object_component id="oc-529">
         <name>.text:HOSTrename</name>
         <load_address>0x2e14</load_address>
         <run_address>0x2e14</run_address>
         <size>0x6c</size>
         <input_file_ref idref="fl-fa"/>
      </object_component>
      <object_component id="oc-51d">
         <name>.text:HOSTlseek</name>
         <load_address>0x2e80</load_address>
         <run_address>0x2e80</run_address>
         <size>0x68</size>
         <input_file_ref idref="fl-f7"/>
      </object_component>
      <object_component id="oc-222">
         <name>.text:IntEnable</name>
         <load_address>0x2ee8</load_address>
         <run_address>0x2ee8</run_address>
         <size>0x68</size>
         <input_file_ref idref="fl-cd"/>
      </object_component>
      <object_component id="oc-15">
         <name>.text:decompress:lzss:__TI_decompress_lzss</name>
         <load_address>0x2f50</load_address>
         <run_address>0x2f50</run_address>
         <size>0x68</size>
         <input_file_ref idref="fl-c2"/>
      </object_component>
      <object_component id="oc-4b7">
         <name>.text:frexp</name>
         <load_address>0x2fb8</load_address>
         <run_address>0x2fb8</run_address>
         <size>0x64</size>
         <input_file_ref idref="fl-f2"/>
      </object_component>
      <object_component id="oc-3bc">
         <name>.text:fseek</name>
         <load_address>0x301c</load_address>
         <run_address>0x301c</run_address>
         <size>0x64</size>
         <input_file_ref idref="fl-f5"/>
      </object_component>
      <object_component id="oc-321">
         <name>.text:__TI_wrt_ok</name>
         <load_address>0x3080</load_address>
         <run_address>0x3080</run_address>
         <size>0x62</size>
         <input_file_ref idref="fl-dd"/>
      </object_component>
      <object_component id="oc-505">
         <name>.text:HOSTopen</name>
         <load_address>0x30e4</load_address>
         <run_address>0x30e4</run_address>
         <size>0x60</size>
         <input_file_ref idref="fl-f8"/>
      </object_component>
      <object_component id="oc-165">
         <name>.text:TimerConfigure</name>
         <load_address>0x3144</load_address>
         <run_address>0x3144</run_address>
         <size>0x60</size>
         <input_file_ref idref="fl-cf"/>
      </object_component>
      <object_component id="oc-575">
         <name>.text:close</name>
         <load_address>0x31a4</load_address>
         <run_address>0x31a4</run_address>
         <size>0x5c</size>
         <input_file_ref idref="fl-107"/>
      </object_component>
      <object_component id="oc-271">
         <name>.text:GPIOIntTypeSet</name>
         <load_address>0x3200</load_address>
         <run_address>0x3200</run_address>
         <size>0x58</size>
         <input_file_ref idref="fl-cc"/>
      </object_component>
      <object_component id="oc-511">
         <name>.text:HOSTread</name>
         <load_address>0x3258</load_address>
         <run_address>0x3258</run_address>
         <size>0x58</size>
         <input_file_ref idref="fl-f9"/>
      </object_component>
      <object_component id="oc-517">
         <name>.text:HOSTwrite</name>
         <load_address>0x32b0</load_address>
         <run_address>0x32b0</run_address>
         <size>0x58</size>
         <input_file_ref idref="fl-fc"/>
      </object_component>
      <object_component id="oc-400">
         <name>.text:_pconv_f</name>
         <load_address>0x3308</load_address>
         <run_address>0x3308</run_address>
         <size>0x56</size>
         <input_file_ref idref="fl-da"/>
      </object_component>
      <object_component id="oc-48c">
         <name>.text:__TI_ltoa</name>
         <load_address>0x335e</load_address>
         <run_address>0x335e</run_address>
         <size>0x54</size>
         <input_file_ref idref="fl-e6"/>
      </object_component>
      <object_component id="oc-49c">
         <name>.text:_ecpy</name>
         <load_address>0x33b2</load_address>
         <run_address>0x33b2</run_address>
         <size>0x52</size>
         <input_file_ref idref="fl-da"/>
      </object_component>
      <object_component id="oc-141">
         <name>.text:GPIOPinConfigure</name>
         <load_address>0x3404</load_address>
         <run_address>0x3404</run_address>
         <size>0x4c</size>
         <input_file_ref idref="fl-cc"/>
      </object_component>
      <object_component id="oc-216">
         <name>.text:_TimerIntNumberGet</name>
         <load_address>0x3450</load_address>
         <run_address>0x3450</run_address>
         <size>0x4c</size>
         <input_file_ref idref="fl-cf"/>
      </object_component>
      <object_component id="oc-333">
         <name>.text:__TI_doflush</name>
         <load_address>0x349c</load_address>
         <run_address>0x349c</run_address>
         <size>0x4c</size>
         <input_file_ref idref="fl-db"/>
      </object_component>
      <object_component id="oc-3e9">
         <name>.text:atoi</name>
         <load_address>0x34e8</load_address>
         <run_address>0x34e8</run_address>
         <size>0x4c</size>
         <input_file_ref idref="fl-e7"/>
      </object_component>
      <object_component id="oc-f6">
         <name>.text:exit</name>
         <load_address>0x3534</load_address>
         <run_address>0x3534</run_address>
         <size>0x48</size>
         <input_file_ref idref="fl-c9"/>
      </object_component>
      <object_component id="oc-487">
         <name>.text</name>
         <load_address>0x357c</load_address>
         <run_address>0x357c</run_address>
         <size>0x48</size>
         <input_file_ref idref="fl-e4"/>
      </object_component>
      <object_component id="oc-2af">
         <name>.text:UARTConfigSetExpClk</name>
         <load_address>0x35c4</load_address>
         <run_address>0x35c4</run_address>
         <size>0x46</size>
         <input_file_ref idref="fl-10a"/>
      </object_component>
      <object_component id="oc-50b">
         <name>.text:HOSTclose</name>
         <load_address>0x360c</load_address>
         <run_address>0x360c</run_address>
         <size>0x44</size>
         <input_file_ref idref="fl-f6"/>
      </object_component>
      <object_component id="oc-523">
         <name>.text:HOSTunlink</name>
         <load_address>0x3650</load_address>
         <run_address>0x3650</run_address>
         <size>0x44</size>
         <input_file_ref idref="fl-fb"/>
      </object_component>
      <object_component id="oc-353">
         <name>.text:_GPIOIntNumberGet</name>
         <load_address>0x3694</load_address>
         <run_address>0x3694</run_address>
         <size>0x44</size>
         <input_file_ref idref="fl-cc"/>
      </object_component>
      <object_component id="oc-fc">
         <name>.text:__TI_auto_init_nobinit_nopinit:__TI_auto_init_nobinit_nopinit</name>
         <load_address>0x36d8</load_address>
         <run_address>0x36d8</run_address>
         <size>0x44</size>
         <input_file_ref idref="fl-c6"/>
      </object_component>
      <object_component id="oc-5bb">
         <name>.text:getdevice</name>
         <load_address>0x371c</load_address>
         <run_address>0x371c</run_address>
         <size>0x44</size>
         <input_file_ref idref="fl-102"/>
      </object_component>
      <object_component id="oc-a2">
         <name>.text</name>
         <load_address>0x3760</load_address>
         <run_address>0x3760</run_address>
         <size>0x44</size>
         <input_file_ref idref="fl-2"/>
      </object_component>
      <object_component id="oc-2c1">
         <name>.text:vsnprintf</name>
         <load_address>0x37a4</load_address>
         <run_address>0x37a4</run_address>
         <size>0x40</size>
         <input_file_ref idref="fl-d6"/>
      </object_component>
      <object_component id="oc-4af">
         <name>.text:_fcpy</name>
         <load_address>0x37e4</load_address>
         <run_address>0x37e4</run_address>
         <size>0x3e</size>
         <input_file_ref idref="fl-da"/>
      </object_component>
      <object_component id="oc-584">
         <name>.text:__TI_writemsg</name>
         <load_address>0x3824</load_address>
         <run_address>0x3824</run_address>
         <size>0x38</size>
         <input_file_ref idref="fl-fd"/>
      </object_component>
      <object_component id="oc-5dd">
         <name>.text:strncpy</name>
         <load_address>0x385c</load_address>
         <run_address>0x385c</run_address>
         <size>0x36</size>
         <input_file_ref idref="fl-105"/>
      </object_component>
      <object_component id="oc-21c">
         <name>.text:IntRegister</name>
         <load_address>0x3894</load_address>
         <run_address>0x3894</run_address>
         <size>0x34</size>
         <input_file_ref idref="fl-cd"/>
      </object_component>
      <object_component id="oc-135">
         <name>.text:SysCtlPeripheralEnable</name>
         <load_address>0x38c8</load_address>
         <run_address>0x38c8</run_address>
         <size>0x34</size>
         <input_file_ref idref="fl-ce"/>
      </object_component>
      <object_component id="oc-448">
         <name>.text:__TI_cleanup</name>
         <load_address>0x38fc</load_address>
         <run_address>0x38fc</run_address>
         <size>0x34</size>
         <input_file_ref idref="fl-f4"/>
      </object_component>
      <object_component id="oc-58a">
         <name>.text:__TI_readmsg</name>
         <load_address>0x3930</load_address>
         <run_address>0x3930</run_address>
         <size>0x34</size>
         <input_file_ref idref="fl-fd"/>
      </object_component>
      <object_component id="oc-5c">
         <name>.text:_c_int00_noargs:_c_int00_noargs</name>
         <load_address>0x3964</load_address>
         <run_address>0x3964</run_address>
         <size>0x34</size>
         <input_file_ref idref="fl-c3"/>
      </object_component>
      <object_component id="oc-384">
         <name>.text:_outs</name>
         <load_address>0x3998</load_address>
         <run_address>0x3998</run_address>
         <size>0x30</size>
         <input_file_ref idref="fl-d6"/>
      </object_component>
      <object_component id="oc-5e3">
         <name>.text:finddevice</name>
         <load_address>0x39c8</load_address>
         <run_address>0x39c8</run_address>
         <size>0x30</size>
         <input_file_ref idref="fl-102"/>
      </object_component>
      <object_component id="oc-492">
         <name>.text</name>
         <load_address>0x39f8</load_address>
         <run_address>0x39f8</run_address>
         <size>0x2e</size>
         <input_file_ref idref="fl-e5"/>
      </object_component>
      <object_component id="oc-201">
         <name>.text:GPIODirModeSet</name>
         <load_address>0x3a26</load_address>
         <run_address>0x3a26</run_address>
         <size>0x2c</size>
         <input_file_ref idref="fl-cc"/>
      </object_component>
      <object_component id="oc-57b">
         <name>.text:unlink</name>
         <load_address>0x3a54</load_address>
         <run_address>0x3a54</run_address>
         <size>0x2c</size>
         <input_file_ref idref="fl-108"/>
      </object_component>
      <object_component id="oc-4ee">
         <name>.text:free_list_insert</name>
         <load_address>0x3a80</load_address>
         <run_address>0x3a80</run_address>
         <size>0x28</size>
         <input_file_ref idref="fl-eb"/>
      </object_component>
      <object_component id="oc-434">
         <name>.text:lseek</name>
         <load_address>0x3aa8</load_address>
         <run_address>0x3aa8</run_address>
         <size>0x28</size>
         <input_file_ref idref="fl-ff"/>
      </object_component>
      <object_component id="oc-339">
         <name>.text:write</name>
         <load_address>0x3ad0</load_address>
         <run_address>0x3ad0</run_address>
         <size>0x28</size>
         <input_file_ref idref="fl-ee"/>
      </object_component>
      <object_component id="oc-277">
         <name>.text:IntPrioritySet</name>
         <load_address>0x3af8</load_address>
         <run_address>0x3af8</run_address>
         <size>0x24</size>
         <input_file_ref idref="fl-cd"/>
      </object_component>
      <object_component id="oc-36e">
         <name>.text:UARTDisable</name>
         <load_address>0x3b1c</load_address>
         <run_address>0x3b1c</run_address>
         <size>0x20</size>
         <input_file_ref idref="fl-10a"/>
      </object_component>
      <object_component id="oc-32d">
         <name>.text:memchr</name>
         <load_address>0x3b3c</load_address>
         <run_address>0x3b3c</run_address>
         <size>0x20</size>
         <input_file_ref idref="fl-ea"/>
      </object_component>
      <object_component id="oc-193">
         <name>.text:SysTickIntRegister</name>
         <load_address>0x3b5c</load_address>
         <run_address>0x3b5c</run_address>
         <size>0x1c</size>
         <input_file_ref idref="fl-109"/>
      </object_component>
      <object_component id="oc-1ab">
         <name>.text:_abort_msg</name>
         <load_address>0x3b78</load_address>
         <run_address>0x3b78</run_address>
         <size>0x1c</size>
         <input_file_ref idref="fl-d8"/>
      </object_component>
      <object_component id="oc-4e8">
         <name>.text:free_list_remove</name>
         <load_address>0x3b94</load_address>
         <run_address>0x3b94</run_address>
         <size>0x1c</size>
         <input_file_ref idref="fl-eb"/>
      </object_component>
      <object_component id="oc-412">
         <name>.text:memccpy</name>
         <load_address>0x3bb0</load_address>
         <run_address>0x3bb0</run_address>
         <size>0x1c</size>
         <input_file_ref idref="fl-e9"/>
      </object_component>
      <object_component id="oc-29c">
         <name>.text:GPIOPinTypeGPIOOutput</name>
         <load_address>0x3bcc</load_address>
         <run_address>0x3bcc</run_address>
         <size>0x1a</size>
         <input_file_ref idref="fl-cc"/>
      </object_component>
      <object_component id="oc-54b">
         <name>.text:copysign</name>
         <load_address>0x3be6</load_address>
         <run_address>0x3be6</run_address>
         <size>0x1a</size>
         <input_file_ref idref="fl-100"/>
      </object_component>
      <object_component id="oc-26b">
         <name>.text:GPIOIntRegister</name>
         <load_address>0x3c00</load_address>
         <run_address>0x3c00</run_address>
         <size>0x18</size>
         <input_file_ref idref="fl-cc"/>
      </object_component>
      <object_component id="oc-147">
         <name>.text:TimerControlLevel</name>
         <load_address>0x3c18</load_address>
         <run_address>0x3c18</run_address>
         <size>0x18</size>
         <input_file_ref idref="fl-cf"/>
      </object_component>
      <object_component id="oc-15f">
         <name>.text:TimerDisable</name>
         <load_address>0x3c30</load_address>
         <run_address>0x3c30</run_address>
         <size>0x18</size>
         <input_file_ref idref="fl-cf"/>
      </object_component>
      <object_component id="oc-153">
         <name>.text:TimerIntRegister</name>
         <load_address>0x3c48</load_address>
         <run_address>0x3c48</run_address>
         <size>0x18</size>
         <input_file_ref idref="fl-cf"/>
      </object_component>
      <object_component id="oc-38a">
         <name>.text:_outc</name>
         <load_address>0x3c60</load_address>
         <run_address>0x3c60</run_address>
         <size>0x18</size>
         <input_file_ref idref="fl-d6"/>
      </object_component>
      <object_component id="oc-5fa">
         <name>.text:strcmp</name>
         <load_address>0x3c78</load_address>
         <run_address>0x3c78</run_address>
         <size>0x18</size>
         <input_file_ref idref="fl-103"/>
      </object_component>
      <object_component id="oc-283">
         <name>.text:EventInitialized</name>
         <load_address>0x3c90</load_address>
         <run_address>0x3c90</run_address>
         <size>0x16</size>
         <input_file_ref idref="fl-2"/>
      </object_component>
      <object_component id="oc-265">
         <name>.text:GPIOPinTypeGPIOInput</name>
         <load_address>0x3ca6</load_address>
         <run_address>0x3ca6</run_address>
         <size>0x16</size>
         <input_file_ref idref="fl-cc"/>
      </object_component>
      <object_component id="oc-13b">
         <name>.text:GPIOPinTypeTimer</name>
         <load_address>0x3cbc</load_address>
         <run_address>0x3cbc</run_address>
         <size>0x16</size>
         <input_file_ref idref="fl-cc"/>
      </object_component>
      <object_component id="oc-2a9">
         <name>.text:GPIOPinTypeUART</name>
         <load_address>0x3cd2</load_address>
         <run_address>0x3cd2</run_address>
         <size>0x16</size>
         <input_file_ref idref="fl-cc"/>
      </object_component>
      <object_component id="oc-14d">
         <name>.text:TimerControlEvent</name>
         <load_address>0x3ce8</load_address>
         <run_address>0x3ce8</run_address>
         <size>0x16</size>
         <input_file_ref idref="fl-cf"/>
      </object_component>
      <object_component id="oc-4c3">
         <name>.text:strchr</name>
         <load_address>0x3cfe</load_address>
         <run_address>0x3cfe</run_address>
         <size>0x16</size>
         <input_file_ref idref="fl-ec"/>
      </object_component>
      <object_component id="oc-19f">
         <name>.text:SysTickEnable</name>
         <load_address>0x3d14</load_address>
         <run_address>0x3d14</run_address>
         <size>0x14</size>
         <input_file_ref idref="fl-109"/>
      </object_component>
      <object_component id="oc-199">
         <name>.text:SysTickIntEnable</name>
         <load_address>0x3d28</load_address>
         <run_address>0x3d28</run_address>
         <size>0x14</size>
         <input_file_ref idref="fl-109"/>
      </object_component>
      <object_component id="oc-374">
         <name>.text:UARTEnable</name>
         <load_address>0x3d3c</load_address>
         <run_address>0x3d3c</run_address>
         <size>0x14</size>
         <input_file_ref idref="fl-10a"/>
      </object_component>
      <object_component id="oc-59e">
         <name>.text:strcpy</name>
         <load_address>0x3d50</load_address>
         <run_address>0x3d50</run_address>
         <size>0x14</size>
         <input_file_ref idref="fl-104"/>
      </object_component>
      <object_component id="oc-327">
         <name>.text:strlen</name>
         <load_address>0x3d64</load_address>
         <run_address>0x3d64</run_address>
         <size>0x14</size>
         <input_file_ref idref="fl-ed"/>
      </object_component>
      <object_component id="oc-16b">
         <name>.text:TimerLoadSet</name>
         <load_address>0x3d78</load_address>
         <run_address>0x3d78</run_address>
         <size>0x12</size>
         <input_file_ref idref="fl-cf"/>
      </object_component>
      <object_component id="oc-171">
         <name>.text:TimerMatchSet</name>
         <load_address>0x3d8a</load_address>
         <run_address>0x3d8a</run_address>
         <size>0x12</size>
         <input_file_ref idref="fl-cf"/>
      </object_component>
      <object_component id="oc-418">
         <name>.text:wcslen</name>
         <load_address>0x3d9c</load_address>
         <run_address>0x3d9c</run_address>
         <size>0x12</size>
         <input_file_ref idref="fl-f1"/>
      </object_component>
      <object_component id="oc-18d">
         <name>.text:SysTickPeriodSet</name>
         <load_address>0x3db0</load_address>
         <run_address>0x3db0</run_address>
         <size>0x10</size>
         <input_file_ref idref="fl-109"/>
      </object_component>
      <object_component id="oc-17d">
         <name>.text:TimerEnable</name>
         <load_address>0x3dc0</load_address>
         <run_address>0x3dc0</run_address>
         <size>0xe</size>
         <input_file_ref idref="fl-cf"/>
      </object_component>
      <object_component id="oc-1b">
         <name>.text:decompress:none:__TI_decompress_none</name>
         <load_address>0x3dce</load_address>
         <run_address>0x3dce</run_address>
         <size>0xe</size>
         <input_file_ref idref="fl-c1"/>
      </object_component>
      <object_component id="oc-27d">
         <name>.text:GPIOIntEnable</name>
         <load_address>0x3ddc</load_address>
         <run_address>0x3ddc</run_address>
         <size>0xc</size>
         <input_file_ref idref="fl-cc"/>
      </object_component>
      <object_component id="oc-50">
         <name>.text:decompress:ZI:__TI_zero_init</name>
         <load_address>0x3de8</load_address>
         <run_address>0x3de8</run_address>
         <size>0xc</size>
         <input_file_ref idref="fl-c0"/>
      </object_component>
      <object_component id="oc-2a">
         <name>.text</name>
         <load_address>0x3df4</load_address>
         <run_address>0x3df4</run_address>
         <size>0xc</size>
         <input_file_ref idref="fl-4"/>
      </object_component>
      <object_component id="oc-2bb">
         <name>.text:UARTCharGet</name>
         <load_address>0x3e00</load_address>
         <run_address>0x3e00</run_address>
         <size>0xa</size>
         <input_file_ref idref="fl-10a"/>
      </object_component>
      <object_component id="oc-2b5">
         <name>.text:UARTCharPut</name>
         <load_address>0x3e0a</load_address>
         <run_address>0x3e0a</run_address>
         <size>0xa</size>
         <input_file_ref idref="fl-10a"/>
      </object_component>
      <object_component id="oc-159">
         <name>.text:TimerIntEnable</name>
         <load_address>0x3e14</load_address>
         <run_address>0x3e14</run_address>
         <size>0x8</size>
         <input_file_ref idref="fl-cf"/>
      </object_component>
      <object_component id="oc-41e">
         <name>.text:__aeabi_errno_addr</name>
         <load_address>0x3e1c</load_address>
         <run_address>0x3e1c</run_address>
         <size>0x8</size>
         <input_file_ref idref="fl-f0"/>
      </object_component>
      <object_component id="oc-442">
         <name>.text:malloc</name>
         <load_address>0x3e24</load_address>
         <run_address>0x3e24</run_address>
         <size>0x8</size>
         <input_file_ref idref="fl-eb"/>
      </object_component>
      <object_component id="oc-290">
         <name>.text:GPIOIntClear</name>
         <load_address>0x3e2c</load_address>
         <run_address>0x3e2c</run_address>
         <size>0x6</size>
         <input_file_ref idref="fl-cc"/>
      </object_component>
      <object_component id="oc-28a">
         <name>.text:GPIOPinRead</name>
         <load_address>0x3e32</load_address>
         <run_address>0x3e32</run_address>
         <size>0x6</size>
         <input_file_ref idref="fl-cc"/>
      </object_component>
      <object_component id="oc-2a2">
         <name>.text:GPIOPinWrite</name>
         <load_address>0x3e38</load_address>
         <run_address>0x3e38</run_address>
         <size>0x6</size>
         <input_file_ref idref="fl-cc"/>
      </object_component>
      <object_component id="oc-1c0">
         <name>.text:SysCtlDelay</name>
         <load_address>0x3e3e</load_address>
         <run_address>0x3e3e</run_address>
         <size>0x6</size>
         <input_file_ref idref="fl-ce"/>
      </object_component>
      <object_component id="oc-177">
         <name>.text:TimerIntClear</name>
         <load_address>0x3e44</load_address>
         <run_address>0x3e44</run_address>
         <size>0x4</size>
         <input_file_ref idref="fl-cf"/>
      </object_component>
      <object_component id="oc-9c">
         <name>.text:_system_pre_init</name>
         <load_address>0x3e48</load_address>
         <run_address>0x3e48</run_address>
         <size>0x4</size>
         <input_file_ref idref="fl-c7"/>
      </object_component>
      <object_component id="oc-f0">
         <name>.text:abort:abort</name>
         <load_address>0x3e4c</load_address>
         <run_address>0x3e4c</run_address>
         <size>0x4</size>
         <input_file_ref idref="fl-c9"/>
      </object_component>
      <object_component id="oc-471">
         <name>.const:.string:_ctypes_</name>
         <load_address>0x3e50</load_address>
         <run_address>0x3e50</run_address>
         <size>0x101</size>
         <input_file_ref idref="fl-e8"/>
      </object_component>
      <object_component id="oc-3df">
         <name>.const:g_ppui32GPIOIntMapSnowflake</name>
         <load_address>0x3f54</load_address>
         <run_address>0x3f54</run_address>
         <size>0xd8</size>
         <input_file_ref idref="fl-cc"/>
      </object_component>
      <object_component id="oc-3dc">
         <name>.const:g_ppui32GPIOIntMapBlizzard</name>
         <load_address>0x402c</load_address>
         <run_address>0x402c</run_address>
         <size>0xc0</size>
         <input_file_ref idref="fl-cc"/>
      </object_component>
      <object_component id="oc-35b">
         <name>.const:g_pui32Regs</name>
         <load_address>0x40ec</load_address>
         <run_address>0x40ec</run_address>
         <size>0x9c</size>
         <input_file_ref idref="fl-cd"/>
      </object_component>
      <object_component id="oc-20f">
         <name>.const:g_pui32GPIOBaseAddrs</name>
         <load_address>0x4188</load_address>
         <run_address>0x4188</run_address>
         <size>0x90</size>
         <input_file_ref idref="fl-cc"/>
      </object_component>
      <object_component id="oc-237">
         <name>.const:g_pui32Xtals</name>
         <load_address>0x4218</load_address>
         <run_address>0x4218</run_address>
         <size>0x6c</size>
         <input_file_ref idref="fl-ce"/>
      </object_component>
      <object_component id="oc-30d">
         <name>.const:g_ppui32TimerIntMap</name>
         <load_address>0x4284</load_address>
         <run_address>0x4284</run_address>
         <size>0x60</size>
         <input_file_ref idref="fl-cf"/>
      </object_component>
      <object_component id="oc-310">
         <name>.const:g_ppui32TimerIntMapSnowflake</name>
         <load_address>0x42e4</load_address>
         <run_address>0x42e4</run_address>
         <size>0x40</size>
         <input_file_ref idref="fl-cf"/>
      </object_component>
      <object_component id="oc-319">
         <name>.const:g_pui32EnRegs</name>
         <load_address>0x4324</load_address>
         <run_address>0x4324</run_address>
         <size>0x14</size>
         <input_file_ref idref="fl-cd"/>
      </object_component>
      <object_component id="oc-635">
         <name>.cinit..data.load</name>
         <load_address>0x4338</load_address>
         <run_address>0x4338</run_address>
         <size>0x6b</size>
      </object_component>
      <object_component id="oc-632">
         <name>__TI_handler_table</name>
         <load_address>0x43a4</load_address>
         <run_address>0x43a4</run_address>
         <size>0xc</size>
      </object_component>
      <object_component id="oc-636">
         <name>.cinit..bss.load</name>
         <load_address>0x43b0</load_address>
         <run_address>0x43b0</run_address>
         <size>0x8</size>
      </object_component>
      <object_component id="oc-634">
         <name>.cinit..vtable.load</name>
         <load_address>0x43b8</load_address>
         <run_address>0x43b8</run_address>
         <size>0x8</size>
      </object_component>
      <object_component id="oc-633">
         <name>__TI_cinit_table</name>
         <load_address>0x43c0</load_address>
         <run_address>0x43c0</run_address>
         <size>0x18</size>
      </object_component>
      <object_component id="oc-314">
         <name>.vtable</name>
         <uninitialized>true</uninitialized>
         <run_address>0x20000000</run_address>
         <size>0x26c</size>
         <input_file_ref idref="fl-cd"/>
      </object_component>
      <object_component id="oc-1db">
         <name>.data:$O1$$</name>
         <load_address>0x20001790</load_address>
         <run_address>0x20001790</run_address>
         <size>0xc</size>
         <input_file_ref idref="fl-c9"/>
      </object_component>
      <object_component id="oc-1de">
         <name>.data:$O1$$</name>
         <load_address>0x2000179c</load_address>
         <run_address>0x2000179c</run_address>
         <size>0x8</size>
         <input_file_ref idref="fl-ca"/>
      </object_component>
      <object_component id="oc-1b1">
         <name>.data</name>
         <load_address>0x200017ac</load_address>
         <run_address>0x200017ac</run_address>
         <size>0x5</size>
         <input_file_ref idref="fl-d1"/>
      </object_component>
      <object_component id="oc-299">
         <name>.data</name>
         <load_address>0x200017b4</load_address>
         <run_address>0x200017b4</run_address>
         <size>0x4</size>
         <input_file_ref idref="fl-d4"/>
      </object_component>
      <object_component id="oc-250">
         <name>.data:_ftable</name>
         <load_address>0x200015c8</load_address>
         <run_address>0x200015c8</run_address>
         <size>0xf0</size>
         <input_file_ref idref="fl-d9"/>
      </object_component>
      <object_component id="oc-341">
         <name>.data</name>
         <load_address>0x20001780</load_address>
         <run_address>0x20001780</run_address>
         <size>0x10</size>
         <input_file_ref idref="fl-d9"/>
      </object_component>
      <object_component id="oc-569">
         <name>.data:$O1$$</name>
         <load_address>0x200017a4</load_address>
         <run_address>0x200017a4</run_address>
         <size>0x8</size>
         <input_file_ref idref="fl-eb"/>
      </object_component>
      <object_component id="oc-45b">
         <name>.data:_device</name>
         <load_address>0x200016b8</load_address>
         <run_address>0x200016b8</run_address>
         <size>0x78</size>
         <input_file_ref idref="fl-ef"/>
      </object_component>
      <object_component id="oc-3cf">
         <name>.data:_stream</name>
         <load_address>0x20001730</load_address>
         <run_address>0x20001730</run_address>
         <size>0x50</size>
         <input_file_ref idref="fl-ef"/>
      </object_component>
      <object_component id="oc-4d3">
         <name>.data</name>
         <load_address>0x200017b8</load_address>
         <run_address>0x200017b8</run_address>
         <size>0x4</size>
         <input_file_ref idref="fl-f0"/>
      </object_component>
      <object_component id="oc-1a5">
         <name>.bss:bin_head</name>
         <uninitialized>true</uninitialized>
         <run_address>0x20001390</run_address>
         <size>0x100</size>
         <input_file_ref idref="fl-d1"/>
      </object_component>
      <object_component id="oc-1a8">
         <name>.bss:bin_head_heap</name>
         <uninitialized>true</uninitialized>
         <run_address>0x20001598</run_address>
         <size>0x10</size>
         <input_file_ref idref="fl-d1"/>
      </object_component>
      <object_component id="oc-296">
         <name>.bss:push_button</name>
         <uninitialized>true</uninitialized>
         <run_address>0x200015a8</run_address>
         <size>0x10</size>
         <input_file_ref idref="fl-d4"/>
      </object_component>
      <object_component id="oc-2c7">
         <name>.bss:buffer$1</name>
         <uninitialized>true</uninitialized>
         <run_address>0x20001530</run_address>
         <size>0x54</size>
         <input_file_ref idref="fl-d5"/>
      </object_component>
      <object_component id="oc-5c5">
         <name>.bss:_CIOBUF_</name>
         <uninitialized>true</uninitialized>
         <run_address>0x20001270</run_address>
         <size>0x120</size>
         <input_file_ref idref="fl-fd"/>
      </object_component>
      <object_component id="oc-ee">
         <name>.common:trigger_ranger_reading_event</name>
         <uninitialized>true</uninitialized>
         <run_address>0x20001584</run_address>
         <size>0x14</size>
      </object_component>
      <object_component id="oc-183">
         <name>.common:ranger</name>
         <uninitialized>true</uninitialized>
         <run_address>0x200015c0</run_address>
         <size>0x8</size>
      </object_component>
      <object_component id="oc-581">
         <name>.common:__TI_tmpnams</name>
         <uninitialized>true</uninitialized>
         <run_address>0x20001490</run_address>
         <size>0xa0</size>
      </object_component>
      <object_component id="oc-590">
         <name>.common:parmbuf</name>
         <uninitialized>true</uninitialized>
         <run_address>0x200015b8</run_address>
         <size>0x8</size>
      </object_component>
      <object_component id="oc-27">
         <name>.sysmem</name>
         <uninitialized>true</uninitialized>
         <run_address>0x20000a70</run_address>
         <size>0x10</size>
         <input_file_ref idref="fl-eb"/>
      </object_component>
      <object_component id="oc-639">
         <name>.sysmem</name>
         <uninitialized>true</uninitialized>
         <run_address>0x20000a70</run_address>
         <size>0x0</size>
      </object_component>
      <object_component id="oc-24">
         <name>.stack</name>
         <uninitialized>true</uninitialized>
         <run_address>0x20000270</run_address>
         <size>0x4</size>
         <input_file_ref idref="fl-c3"/>
      </object_component>
      <object_component id="oc-638">
         <name>.stack</name>
         <uninitialized>true</uninitialized>
         <run_address>0x20000270</run_address>
         <size>0x0</size>
      </object_component>
      <object_component id="oc-ca">
         <name>.debug_info</name>
         <load_address>0x0</load_address>
         <run_address>0x0</run_address>
         <size>0x3ca</size>
         <input_file_ref idref="fl-2"/>
      </object_component>
      <object_component id="oc-284">
         <name>.debug_info</name>
         <load_address>0x3ca</load_address>
         <run_address>0x3ca</run_address>
         <size>0x1bd</size>
         <input_file_ref idref="fl-2"/>
      </object_component>
      <object_component id="oc-a4">
         <name>.debug_info</name>
         <load_address>0x587</load_address>
         <run_address>0x587</run_address>
         <size>0x21f</size>
         <input_file_ref idref="fl-2"/>
      </object_component>
      <object_component id="oc-130">
         <name>.debug_info</name>
         <load_address>0x7a6</load_address>
         <run_address>0x7a6</run_address>
         <size>0x118</size>
         <input_file_ref idref="fl-2"/>
      </object_component>
      <object_component id="oc-77">
         <name>.debug_info</name>
         <load_address>0x8be</load_address>
         <run_address>0x8be</run_address>
         <size>0x26b</size>
         <input_file_ref idref="fl-2"/>
      </object_component>
      <object_component id="oc-c5">
         <name>.debug_info</name>
         <load_address>0xb29</load_address>
         <run_address>0xb29</run_address>
         <size>0x8b</size>
         <input_file_ref idref="fl-2"/>
      </object_component>
      <object_component id="oc-c0">
         <name>.debug_info</name>
         <load_address>0xbb4</load_address>
         <run_address>0xbb4</run_address>
         <size>0x2a4</size>
         <input_file_ref idref="fl-2"/>
      </object_component>
      <object_component id="oc-7c">
         <name>.debug_info</name>
         <load_address>0xe58</load_address>
         <run_address>0xe58</run_address>
         <size>0xbb</size>
         <input_file_ref idref="fl-2"/>
      </object_component>
      <object_component id="oc-39e">
         <name>.debug_info</name>
         <load_address>0xf13</load_address>
         <run_address>0xf13</run_address>
         <size>0xcc</size>
         <input_file_ref idref="fl-2"/>
      </object_component>
      <object_component id="oc-2ca">
         <name>.debug_info</name>
         <load_address>0xfdf</load_address>
         <run_address>0xfdf</run_address>
         <size>0x2c</size>
         <input_file_ref idref="fl-2"/>
      </object_component>
      <object_component id="oc-184">
         <name>.debug_info</name>
         <load_address>0x100b</load_address>
         <run_address>0x100b</run_address>
         <size>0x574</size>
         <input_file_ref idref="fl-3"/>
      </object_component>
      <object_component id="oc-df">
         <name>.debug_info</name>
         <load_address>0x157f</load_address>
         <run_address>0x157f</run_address>
         <size>0x35f</size>
         <input_file_ref idref="fl-3"/>
      </object_component>
      <object_component id="oc-232">
         <name>.debug_info</name>
         <load_address>0x18de</load_address>
         <run_address>0x18de</run_address>
         <size>0xa9</size>
         <input_file_ref idref="fl-3"/>
      </object_component>
      <object_component id="oc-32">
         <name>.debug_info</name>
         <load_address>0x1987</load_address>
         <run_address>0x1987</run_address>
         <size>0x2ba</size>
         <input_file_ref idref="fl-4"/>
      </object_component>
      <object_component id="oc-13">
         <name>.debug_info</name>
         <load_address>0x1c41</load_address>
         <run_address>0x1c41</run_address>
         <size>0xf9</size>
         <input_file_ref idref="fl-4"/>
      </object_component>
      <object_component id="oc-2c">
         <name>.debug_info</name>
         <load_address>0x1d3a</load_address>
         <run_address>0x1d3a</run_address>
         <size>0x275</size>
         <input_file_ref idref="fl-4"/>
      </object_component>
      <object_component id="oc-39">
         <name>.debug_info</name>
         <load_address>0x1faf</load_address>
         <run_address>0x1faf</run_address>
         <size>0x84</size>
         <input_file_ref idref="fl-4"/>
      </object_component>
      <object_component id="oc-95">
         <name>.debug_info</name>
         <load_address>0x2033</load_address>
         <run_address>0x2033</run_address>
         <size>0x2d4</size>
         <input_file_ref idref="fl-c0"/>
      </object_component>
      <object_component id="oc-51">
         <name>.debug_info</name>
         <load_address>0x2307</load_address>
         <run_address>0x2307</run_address>
         <size>0x1b5</size>
         <input_file_ref idref="fl-c0"/>
      </object_component>
      <object_component id="oc-90">
         <name>.debug_info</name>
         <load_address>0x24bc</load_address>
         <run_address>0x24bc</run_address>
         <size>0x46</size>
         <input_file_ref idref="fl-c0"/>
      </object_component>
      <object_component id="oc-d3">
         <name>.debug_info</name>
         <load_address>0x2502</load_address>
         <run_address>0x2502</run_address>
         <size>0x2c</size>
         <input_file_ref idref="fl-c0"/>
      </object_component>
      <object_component id="oc-49">
         <name>.debug_info</name>
         <load_address>0x252e</load_address>
         <run_address>0x252e</run_address>
         <size>0x2a8</size>
         <input_file_ref idref="fl-c1"/>
      </object_component>
      <object_component id="oc-1e">
         <name>.debug_info</name>
         <load_address>0x27d6</load_address>
         <run_address>0x27d6</run_address>
         <size>0x1ea</size>
         <input_file_ref idref="fl-c1"/>
      </object_component>
      <object_component id="oc-44">
         <name>.debug_info</name>
         <load_address>0x29c0</load_address>
         <run_address>0x29c0</run_address>
         <size>0x46</size>
         <input_file_ref idref="fl-c1"/>
      </object_component>
      <object_component id="oc-88">
         <name>.debug_info</name>
         <load_address>0x2a06</load_address>
         <run_address>0x2a06</run_address>
         <size>0x2c</size>
         <input_file_ref idref="fl-c1"/>
      </object_component>
      <object_component id="oc-86">
         <name>.debug_info</name>
         <load_address>0x2a32</load_address>
         <run_address>0x2a32</run_address>
         <size>0x29e</size>
         <input_file_ref idref="fl-c2"/>
      </object_component>
      <object_component id="oc-19">
         <name>.debug_info</name>
         <load_address>0x2cd0</load_address>
         <run_address>0x2cd0</run_address>
         <size>0x250</size>
         <input_file_ref idref="fl-c2"/>
      </object_component>
      <object_component id="oc-34">
         <name>.debug_info</name>
         <load_address>0x2f20</load_address>
         <run_address>0x2f20</run_address>
         <size>0x60</size>
         <input_file_ref idref="fl-c2"/>
      </object_component>
      <object_component id="oc-cc">
         <name>.debug_info</name>
         <load_address>0x2f80</load_address>
         <run_address>0x2f80</run_address>
         <size>0x46</size>
         <input_file_ref idref="fl-c2"/>
      </object_component>
      <object_component id="oc-81">
         <name>.debug_info</name>
         <load_address>0x2fc6</load_address>
         <run_address>0x2fc6</run_address>
         <size>0x39</size>
         <input_file_ref idref="fl-c2"/>
      </object_component>
      <object_component id="oc-25">
         <name>.debug_info</name>
         <load_address>0x2fff</load_address>
         <run_address>0x2fff</run_address>
         <size>0x10b</size>
         <input_file_ref idref="fl-c3"/>
      </object_component>
      <object_component id="oc-5d">
         <name>.debug_info</name>
         <load_address>0x310a</load_address>
         <run_address>0x310a</run_address>
         <size>0x1a9</size>
         <input_file_ref idref="fl-c3"/>
      </object_component>
      <object_component id="oc-3f">
         <name>.debug_info</name>
         <load_address>0x32b3</load_address>
         <run_address>0x32b3</run_address>
         <size>0x119</size>
         <input_file_ref idref="fl-c4"/>
      </object_component>
      <object_component id="oc-97">
         <name>.debug_info</name>
         <load_address>0x33cc</load_address>
         <run_address>0x33cc</run_address>
         <size>0x147</size>
         <input_file_ref idref="fl-c5"/>
      </object_component>
      <object_component id="oc-1e5">
         <name>.debug_info</name>
         <load_address>0x3513</load_address>
         <run_address>0x3513</run_address>
         <size>0x4b3</size>
         <input_file_ref idref="fl-c6"/>
      </object_component>
      <object_component id="oc-fd">
         <name>.debug_info</name>
         <load_address>0x39c6</load_address>
         <run_address>0x39c6</run_address>
         <size>0x1a6</size>
         <input_file_ref idref="fl-c6"/>
      </object_component>
      <object_component id="oc-2df">
         <name>.debug_info</name>
         <load_address>0x3b6c</load_address>
         <run_address>0x3b6c</run_address>
         <size>0x39</size>
         <input_file_ref idref="fl-c6"/>
      </object_component>
      <object_component id="oc-3a6">
         <name>.debug_info</name>
         <load_address>0x3ba5</load_address>
         <run_address>0x3ba5</run_address>
         <size>0x39</size>
         <input_file_ref idref="fl-c6"/>
      </object_component>
      <object_component id="oc-2e4">
         <name>.debug_info</name>
         <load_address>0x3bde</load_address>
         <run_address>0x3bde</run_address>
         <size>0x39</size>
         <input_file_ref idref="fl-c6"/>
      </object_component>
      <object_component id="oc-2e9">
         <name>.debug_info</name>
         <load_address>0x3c17</load_address>
         <run_address>0x3c17</run_address>
         <size>0xcd</size>
         <input_file_ref idref="fl-c6"/>
      </object_component>
      <object_component id="oc-9d">
         <name>.debug_info</name>
         <load_address>0x3ce4</load_address>
         <run_address>0x3ce4</run_address>
         <size>0x153</size>
         <input_file_ref idref="fl-c7"/>
      </object_component>
      <object_component id="oc-1e2">
         <name>.debug_info</name>
         <load_address>0x3e37</load_address>
         <run_address>0x3e37</run_address>
         <size>0x3ad</size>
         <input_file_ref idref="fl-c9"/>
      </object_component>
      <object_component id="oc-1dc">
         <name>.debug_info</name>
         <load_address>0x41e4</load_address>
         <run_address>0x41e4</run_address>
         <size>0x190</size>
         <input_file_ref idref="fl-c9"/>
      </object_component>
      <object_component id="oc-f1">
         <name>.debug_info</name>
         <load_address>0x4374</load_address>
         <run_address>0x4374</run_address>
         <size>0x122</size>
         <input_file_ref idref="fl-c9"/>
      </object_component>
      <object_component id="oc-f7">
         <name>.debug_info</name>
         <load_address>0x4496</load_address>
         <run_address>0x4496</run_address>
         <size>0x184</size>
         <input_file_ref idref="fl-c9"/>
      </object_component>
      <object_component id="oc-2d9">
         <name>.debug_info</name>
         <load_address>0x461a</load_address>
         <run_address>0x461a</run_address>
         <size>0x2c9</size>
         <input_file_ref idref="fl-ca"/>
      </object_component>
      <object_component id="oc-1df">
         <name>.debug_info</name>
         <load_address>0x48e3</load_address>
         <run_address>0x48e3</run_address>
         <size>0x11e</size>
         <input_file_ref idref="fl-ca"/>
      </object_component>
      <object_component id="oc-2d3">
         <name>.debug_info</name>
         <load_address>0x4a01</load_address>
         <run_address>0x4a01</run_address>
         <size>0x12e</size>
         <input_file_ref idref="fl-ca"/>
      </object_component>
      <object_component id="oc-20e">
         <name>.debug_info</name>
         <load_address>0x4b2f</load_address>
         <run_address>0x4b2f</run_address>
         <size>0x3e4</size>
         <input_file_ref idref="fl-cc"/>
      </object_component>
      <object_component id="oc-3dd">
         <name>.debug_info</name>
         <load_address>0x4f13</load_address>
         <run_address>0x4f13</run_address>
         <size>0x170</size>
         <input_file_ref idref="fl-cc"/>
      </object_component>
      <object_component id="oc-3e0">
         <name>.debug_info</name>
         <load_address>0x5083</load_address>
         <run_address>0x5083</run_address>
         <size>0x172</size>
         <input_file_ref idref="fl-cc"/>
      </object_component>
      <object_component id="oc-210">
         <name>.debug_info</name>
         <load_address>0x51f5</load_address>
         <run_address>0x51f5</run_address>
         <size>0x164</size>
         <input_file_ref idref="fl-cc"/>
      </object_component>
      <object_component id="oc-2a3">
         <name>.debug_info</name>
         <load_address>0x5359</load_address>
         <run_address>0x5359</run_address>
         <size>0x2ac</size>
         <input_file_ref idref="fl-cc"/>
      </object_component>
      <object_component id="oc-202">
         <name>.debug_info</name>
         <load_address>0x5605</load_address>
         <run_address>0x5605</run_address>
         <size>0x2bc</size>
         <input_file_ref idref="fl-cc"/>
      </object_component>
      <object_component id="oc-208">
         <name>.debug_info</name>
         <load_address>0x58c1</load_address>
         <run_address>0x58c1</run_address>
         <size>0x31f</size>
         <input_file_ref idref="fl-cc"/>
      </object_component>
      <object_component id="oc-2aa">
         <name>.debug_info</name>
         <load_address>0x5be0</load_address>
         <run_address>0x5be0</run_address>
         <size>0x29b</size>
         <input_file_ref idref="fl-cc"/>
      </object_component>
      <object_component id="oc-13c">
         <name>.debug_info</name>
         <load_address>0x5e7b</load_address>
         <run_address>0x5e7b</run_address>
         <size>0x29d</size>
         <input_file_ref idref="fl-cc"/>
      </object_component>
      <object_component id="oc-29d">
         <name>.debug_info</name>
         <load_address>0x6118</load_address>
         <run_address>0x6118</run_address>
         <size>0x2c0</size>
         <input_file_ref idref="fl-cc"/>
      </object_component>
      <object_component id="oc-266">
         <name>.debug_info</name>
         <load_address>0x63d8</load_address>
         <run_address>0x63d8</run_address>
         <size>0x2a5</size>
         <input_file_ref idref="fl-cc"/>
      </object_component>
      <object_component id="oc-28c">
         <name>.debug_info</name>
         <load_address>0x667d</load_address>
         <run_address>0x667d</run_address>
         <size>0x284</size>
         <input_file_ref idref="fl-cc"/>
      </object_component>
      <object_component id="oc-143">
         <name>.debug_info</name>
         <load_address>0x6901</load_address>
         <run_address>0x6901</run_address>
         <size>0x289</size>
         <input_file_ref idref="fl-cc"/>
      </object_component>
      <object_component id="oc-355">
         <name>.debug_info</name>
         <load_address>0x6b8a</load_address>
         <run_address>0x6b8a</run_address>
         <size>0x2a1</size>
         <input_file_ref idref="fl-cc"/>
      </object_component>
      <object_component id="oc-272">
         <name>.debug_info</name>
         <load_address>0x6e2b</load_address>
         <run_address>0x6e2b</run_address>
         <size>0x2c4</size>
         <input_file_ref idref="fl-cc"/>
      </object_component>
      <object_component id="oc-26c">
         <name>.debug_info</name>
         <load_address>0x70ef</load_address>
         <run_address>0x70ef</run_address>
         <size>0x2d8</size>
         <input_file_ref idref="fl-cc"/>
      </object_component>
      <object_component id="oc-27e">
         <name>.debug_info</name>
         <load_address>0x73c7</load_address>
         <run_address>0x73c7</run_address>
         <size>0x298</size>
         <input_file_ref idref="fl-cc"/>
      </object_component>
      <object_component id="oc-291">
         <name>.debug_info</name>
         <load_address>0x765f</load_address>
         <run_address>0x765f</run_address>
         <size>0x296</size>
         <input_file_ref idref="fl-cc"/>
      </object_component>
      <object_component id="oc-300">
         <name>.debug_info</name>
         <load_address>0x78f5</load_address>
         <run_address>0x78f5</run_address>
         <size>0x26b</size>
         <input_file_ref idref="fl-cc"/>
      </object_component>
      <object_component id="oc-2f0">
         <name>.debug_info</name>
         <load_address>0x7b60</load_address>
         <run_address>0x7b60</run_address>
         <size>0x297</size>
         <input_file_ref idref="fl-cc"/>
      </object_component>
      <object_component id="oc-2fb">
         <name>.debug_info</name>
         <load_address>0x7df7</load_address>
         <run_address>0x7df7</run_address>
         <size>0xef</size>
         <input_file_ref idref="fl-cc"/>
      </object_component>
      <object_component id="oc-1fb">
         <name>.debug_info</name>
         <load_address>0x7ee6</load_address>
         <run_address>0x7ee6</run_address>
         <size>0xbb</size>
         <input_file_ref idref="fl-cc"/>
      </object_component>
      <object_component id="oc-318">
[...]
         <object_component_ref idref="oc-2a2"/>
      </symbol>
      <symbol id="sm-284">
         <name>GPIOPadConfigSet</name>
         <value>0x18bd</value>
         <object_component_ref idref="oc-207"/>
      </symbol>
      <symbol id="sm-285">
         <name>GPIOPinTypeTimer</name>
         <value>0x3cbd</value>
         <object_component_ref idref="oc-13b"/>
      </symbol>
      <symbol id="sm-2c7">
         <name>IntPrioritySet</name>
         <value>0x3af9</value>
         <object_component_ref idref="oc-277"/>
      </symbol>
      <symbol id="sm-2c8">
         <name>IntEnable</name>
         <value>0x2ee9</value>
         <object_component_ref idref="oc-222"/>
      </symbol>
      <symbol id="sm-2c9">
         <name>IntRegister</name>
         <value>0x3895</value>
         <object_component_ref idref="oc-21c"/>
      </symbol>
      <symbol id="sm-2ca">
         <name>g_pfnRAMVectors</name>
         <value>0x20000000</value>
         <object_component_ref idref="oc-314"/>
      </symbol>
      <symbol id="sm-31d">
         <name>SysCtlClockSet</name>
         <value>0x2419</value>
         <object_component_ref idref="oc-1c1"/>
      </symbol>
      <symbol id="sm-31e">
         <name>SysCtlDelay</name>
         <value>0x3e3f</value>
         <object_component_ref idref="oc-1c0"/>
      </symbol>
      <symbol id="sm-31f">
         <name>SysCtlPeripheralEnable</name>
         <value>0x38c9</value>
         <object_component_ref idref="oc-135"/>
      </symbol>
      <symbol id="sm-320">
         <name>SysCtlClockGet</name>
         <value>0x1ee1</value>
         <object_component_ref idref="oc-187"/>
      </symbol>
      <symbol id="sm-39d">
         <name>TimerMatchSet</name>
         <value>0x3d8b</value>
         <object_component_ref idref="oc-171"/>
      </symbol>
      <symbol id="sm-39e">
         <name>TimerLoadSet</name>
         <value>0x3d79</value>
         <object_component_ref idref="oc-16b"/>
      </symbol>
      <symbol id="sm-39f">
         <name>TimerControlLevel</name>
         <value>0x3c19</value>
         <object_component_ref idref="oc-147"/>
      </symbol>
      <symbol id="sm-3a0">
         <name>TimerDisable</name>
         <value>0x3c31</value>
         <object_component_ref idref="oc-15f"/>
      </symbol>
      <symbol id="sm-3a1">
         <name>TimerIntRegister</name>
         <value>0x3c49</value>
         <object_component_ref idref="oc-153"/>
      </symbol>
      <symbol id="sm-3a2">
         <name>TimerEnable</name>
         <value>0x3dc1</value>
         <object_component_ref idref="oc-17d"/>
      </symbol>
      <symbol id="sm-3a3">
         <name>TimerIntEnable</name>
         <value>0x3e15</value>
         <object_component_ref idref="oc-159"/>
      </symbol>
      <symbol id="sm-3a4">
         <name>TimerConfigure</name>
         <value>0x3145</value>
         <object_component_ref idref="oc-165"/>
      </symbol>
      <symbol id="sm-3a5">
         <name>TimerControlEvent</name>
         <value>0x3ce9</value>
         <object_component_ref idref="oc-14d"/>
      </symbol>
      <symbol id="sm-3a6">
         <name>TimerIntClear</name>
         <value>0x3e45</value>
         <object_component_ref idref="oc-177"/>
      </symbol>
      <symbol id="sm-400">
         <name>EventInit</name>
         <value>0xea7</value>
         <object_component_ref idref="oc-e2"/>
      </symbol>
      <symbol id="sm-401">
         <name>EventExecute</name>
         <value>0x1031</value>
         <object_component_ref idref="oc-e2"/>
      </symbol>
      <symbol id="sm-402">
         <name>EventSchedulerInit</name>
         <value>0xe2b</value>
         <object_component_ref idref="oc-e2"/>
      </symbol>
      <symbol id="sm-403">
         <name>EventGetCurrentTime</name>
         <value>0x107d</value>
         <object_component_ref idref="oc-e2"/>
      </symbol>
      <symbol id="sm-404">
         <name>HeapifyDownwards</name>
         <value>0xcbd</value>
         <object_component_ref idref="oc-e2"/>
      </symbol>
      <symbol id="sm-405">
         <name>HeapifyUpwards</name>
         <value>0xd8d</value>
         <object_component_ref idref="oc-e2"/>
      </symbol>
      <symbol id="sm-406">
         <name>EventSchedule</name>
         <value>0xefd</value>
         <object_component_ref idref="oc-e2"/>
      </symbol>
      <symbol id="sm-407">
         <name>EventDeschedule</name>
         <value>0xfd5</value>
         <object_component_ref idref="oc-e2"/>
      </symbol>
      <symbol id="sm-41b">
         <name>LaunchPadInit</name>
         <value>0x27c1</value>
         <object_component_ref idref="oc-e8"/>
      </symbol>
      <symbol id="sm-41c">
         <name>WaitUs</name>
         <value>0x2795</value>
         <object_component_ref idref="oc-e8"/>
      </symbol>
      <symbol id="sm-42d">
         <name>LedInit</name>
         <value>0x2b45</value>
         <object_component_ref idref="oc-1cd"/>
      </symbol>
      <symbol id="sm-42e">
         <name>LedTurnOnOff</name>
         <value>0x2b67</value>
         <object_component_ref idref="oc-1cd"/>
      </symbol>
      <symbol id="sm-463">
         <name>PushButtonRead</name>
         <value>0x17b7</value>
         <object_component_ref idref="oc-1c7"/>
      </symbol>
      <symbol id="sm-464">
         <name>PushButtonInit</name>
         <value>0x1725</value>
         <object_component_ref idref="oc-1c7"/>
      </symbol>
      <symbol id="sm-465">
         <name>PushButtonEventRegister</name>
         <value>0x178d</value>
         <object_component_ref idref="oc-1c7"/>
      </symbol>
      <symbol id="sm-466">
         <name>PushButtonSetDebouncingDelay</name>
         <value>0x17a7</value>
         <object_component_ref idref="oc-1c7"/>
      </symbol>
      <symbol id="sm-480">
         <name>UartPutString</name>
         <value>0x272b</value>
         <object_component_ref idref="oc-1d3"/>
      </symbol>
      <symbol id="sm-481">
         <name>UartPutChar</name>
         <value>0x2707</value>
         <object_component_ref idref="oc-1d3"/>
      </symbol>
      <symbol id="sm-482">
         <name>UartGetChar</name>
         <value>0x2719</value>
         <object_component_ref idref="oc-1d3"/>
      </symbol>
      <symbol id="sm-483">
         <name>uprintf</name>
         <value>0x2757</value>
         <object_component_ref idref="oc-1d3"/>
      </symbol>
      <symbol id="sm-484">
         <name>UartInit</name>
         <value>0x26cd</value>
         <object_component_ref idref="oc-1d3"/>
      </symbol>
      <symbol id="sm-4b3">
         <name>vsnprintf</name>
         <value>0x37a5</value>
         <object_component_ref idref="oc-2c1"/>
      </symbol>
      <symbol id="sm-4c0">
         <name>__aeabi_uldivmod</name>
         <value>0x29a3</value>
         <object_component_ref idref="oc-1bb"/>
      </symbol>
      <symbol id="sm-4d4">
         <name>_abort_msg</name>
         <value>0x3b79</value>
         <object_component_ref idref="oc-1ab"/>
      </symbol>
      <symbol id="sm-4e9">
         <name>__TI_tmpnams</name>
         <value>0x20001490</value>
      </symbol>
      <symbol id="sm-4ea">
         <name>__aeabi_stdout</name>
         <value>0x20001788</value>
         <object_component_ref idref="oc-341"/>
      </symbol>
      <symbol id="sm-4eb">
         <name>__aeabi_stderr</name>
         <value>0x2000178c</value>
         <object_component_ref idref="oc-341"/>
      </symbol>
      <symbol id="sm-4ec">
         <name>__aeabi_stdin</name>
         <value>0x20001784</value>
         <object_component_ref idref="oc-341"/>
      </symbol>
      <symbol id="sm-4ed">
         <name>_ftable</name>
         <value>0x200015c8</value>
         <object_component_ref idref="oc-250"/>
      </symbol>
      <symbol id="sm-4ee">
         <name>__TI_ft_end</name>
         <value>0x20001780</value>
         <object_component_ref idref="oc-341"/>
      </symbol>
      <symbol id="sm-653">
         <name>__TI_printfi</name>
         <value>0x26d</value>
         <object_component_ref idref="oc-37e"/>
      </symbol>
      <symbol id="sm-674">
         <name>__TI_doflush</name>
         <value>0x349d</value>
         <object_component_ref idref="oc-333"/>
      </symbol>
      <symbol id="sm-675">
         <name>fflush</name>
         <value>0x2bc9</value>
         <object_component_ref idref="oc-24a"/>
      </symbol>
      <symbol id="sm-693">
         <name>fputs</name>
         <value>0x1ff9</value>
         <object_component_ref idref="oc-244"/>
      </symbol>
      <symbol id="sm-6ab">
         <name>__TI_wrt_ok</name>
         <value>0x3081</value>
         <object_component_ref idref="oc-321"/>
      </symbol>
      <symbol id="sm-6c7">
         <name>setvbuf</name>
         <value>0x25f1</value>
         <object_component_ref idref="oc-3c2"/>
      </symbol>
      <symbol id="sm-6d1">
         <name>__aeabi_idiv0</name>
         <value>0x1723</value>
         <object_component_ref idref="oc-25e"/>
      </symbol>
      <symbol id="sm-6d2">
         <name>__aeabi_ldiv0</name>
         <value>0x1723</value>
         <object_component_ref idref="oc-25e"/>
      </symbol>
      <symbol id="sm-6e9">
         <name>__aeabi_dsub</name>
         <value>0x156d</value>
         <object_component_ref idref="oc-497"/>
      </symbol>
      <symbol id="sm-6ea">
         <name>__aeabi_dadd</name>
         <value>0x1577</value>
         <object_component_ref idref="oc-497"/>
      </symbol>
      <symbol id="sm-70c">
         <name>__aeabi_cdcmpeq</name>
         <value>0x2a39</value>
         <object_component_ref idref="oc-3f5"/>
      </symbol>
      <symbol id="sm-70d">
         <name>__aeabi_cdcmple</name>
         <value>0x2a39</value>
         <object_component_ref idref="oc-3f5"/>
      </symbol>
      <symbol id="sm-70e">
         <name>__aeabi_cdrcmple</name>
         <value>0x2abf</value>
         <object_component_ref idref="oc-482"/>
      </symbol>
      <symbol id="sm-722">
         <name>__aeabi_ddiv</name>
         <value>0x1b65</value>
         <object_component_ref idref="oc-47d"/>
      </symbol>
      <symbol id="sm-72d">
         <name>__aeabi_dmul</name>
         <value>0x231d</value>
         <object_component_ref idref="oc-478"/>
      </symbol>
      <symbol id="sm-737">
         <name>__aeabi_d2iz</name>
         <value>0x357d</value>
         <object_component_ref idref="oc-487"/>
      </symbol>
      <symbol id="sm-741">
         <name>__aeabi_i2d</name>
         <value>0x39f9</value>
         <object_component_ref idref="oc-492"/>
      </symbol>
      <symbol id="sm-750">
         <name>__TI_ltoa</name>
         <value>0x335f</value>
         <object_component_ref idref="oc-48c"/>
      </symbol>
      <symbol id="sm-766">
         <name>atoi</name>
         <value>0x34e9</value>
         <object_component_ref idref="oc-3e9"/>
      </symbol>
      <symbol id="sm-771">
         <name>_ctypes_</name>
         <value>0x3e50</value>
         <object_component_ref idref="oc-471"/>
      </symbol>
      <symbol id="sm-781">
         <name>memccpy</name>
         <value>0x3bb1</value>
         <object_component_ref idref="oc-412"/>
      </symbol>
      <symbol id="sm-791">
         <name>memchr</name>
         <value>0x3b3d</value>
         <object_component_ref idref="oc-32d"/>
      </symbol>
      <symbol id="sm-81a">
         <name>_sys_memory</name>
         <value>0x20000a70</value>
         <object_component_ref idref="oc-27"/>
      </symbol>
      <symbol id="sm-81b">
         <name>free</name>
         <value>0x250d</value>
         <object_component_ref idref="oc-43c"/>
      </symbol>
      <symbol id="sm-81c">
         <name>memalign</name>
         <value>0x221d</value>
         <object_component_ref idref="oc-4f5"/>
      </symbol>
      <symbol id="sm-81d">
         <name>malloc</name>
         <value>0x3e25</value>
         <object_component_ref idref="oc-442"/>
      </symbol>
      <symbol id="sm-81e">
         <name>aligned_alloc</name>
         <value>0x221d</value>
         <object_component_ref idref="oc-4f5"/>
      </symbol>
      <symbol id="sm-82e">
         <name>strchr</name>
         <value>0x3cff</value>
         <object_component_ref idref="oc-4c3"/>
      </symbol>
      <symbol id="sm-83c">
         <name>strlen</name>
         <value>0x3d65</value>
         <object_component_ref idref="oc-327"/>
      </symbol>
      <symbol id="sm-856">
         <name>write</name>
         <value>0x3ad1</value>
         <object_component_ref idref="oc-339"/>
      </symbol>
      <symbol id="sm-867">
         <name>_stream</name>
         <value>0x20001730</value>
         <object_component_ref idref="oc-3cf"/>
      </symbol>
      <symbol id="sm-868">
         <name>_device</name>
         <value>0x200016b8</value>
         <object_component_ref idref="oc-45b"/>
      </symbol>
      <symbol id="sm-87e">
         <name>__aeabi_errno_addr</name>
         <value>0x3e1d</value>
         <object_component_ref idref="oc-41e"/>
      </symbol>
      <symbol id="sm-87f">
         <name>errno</name>
         <value>0x200017b8</value>
         <object_component_ref idref="oc-4d3"/>
      </symbol>
      <symbol id="sm-898">
         <name>wcslen</name>
         <value>0x3d9d</value>
         <object_component_ref idref="oc-418"/>
      </symbol>
      <symbol id="sm-8b8">
         <name>frexpl</name>
         <value>0x2fb9</value>
         <object_component_ref idref="oc-4b7"/>
      </symbol>
      <symbol id="sm-8b9">
         <name>frexp</name>
         <value>0x2fb9</value>
         <object_component_ref idref="oc-4b7"/>
      </symbol>
      <symbol id="sm-8d6">
         <name>scalbn</name>
         <value>0x210d</value>
         <object_component_ref idref="oc-4bd"/>
      </symbol>
      <symbol id="sm-8d7">
         <name>scalbnl</name>
         <value>0x210d</value>
         <object_component_ref idref="oc-4bd"/>
      </symbol>
      <symbol id="sm-8d8">
         <name>ldexpl</name>
         <value>0x210d</value>
         <object_component_ref idref="oc-4bd"/>
      </symbol>
      <symbol id="sm-8d9">
         <name>ldexp</name>
         <value>0x210d</value>
         <object_component_ref idref="oc-4bd"/>
      </symbol>
      <symbol id="sm-8e9">
         <name>__TI_cleanup</name>
         <value>0x38fd</value>
         <object_component_ref idref="oc-448"/>
      </symbol>
      <symbol id="sm-8fb">
         <name>fseek</name>
         <value>0x301d</value>
         <object_component_ref idref="oc-3bc"/>
      </symbol>
      <symbol id="sm-90c">
         <name>HOSTclose</name>
         <value>0x360d</value>
         <object_component_ref idref="oc-50b"/>
      </symbol>
      <symbol id="sm-91d">
         <name>HOSTlseek</name>
         <value>0x2e81</value>
         <object_component_ref idref="oc-51d"/>
      </symbol>
      <symbol id="sm-92f">
         <name>parmbuf</name>
         <value>0x200015b8</value>
      </symbol>
      <symbol id="sm-930">
         <name>HOSTopen</name>
         <value>0x30e5</value>
         <object_component_ref idref="oc-505"/>
      </symbol>
      <symbol id="sm-941">
         <name>HOSTread</name>
         <value>0x3259</value>
         <object_component_ref idref="oc-511"/>
      </symbol>
      <symbol id="sm-952">
         <name>HOSTrename</name>
         <value>0x2e15</value>
         <object_component_ref idref="oc-529"/>
      </symbol>
      <symbol id="sm-963">
         <name>HOSTunlink</name>
         <value>0x3651</value>
         <object_component_ref idref="oc-523"/>
      </symbol>
      <symbol id="sm-974">
         <name>HOSTwrite</name>
         <value>0x32b1</value>
         <object_component_ref idref="oc-517"/>
      </symbol>
      <symbol id="sm-998">
         <name>__TI_readmsg</name>
         <value>0x3931</value>
         <object_component_ref idref="oc-58a"/>
      </symbol>
      <symbol id="sm-999">
         <name>C$$IO$$</name>
         <value>0x3853</value>
         <object_component_ref idref="oc-584"/>
      </symbol>
      <symbol id="sm-99a">
         <name>__CIOBUF_</name>
         <value>0x20001270</value>
         <object_component_ref idref="oc-5c5"/>
      </symbol>
      <symbol id="sm-99b">
         <name>__TI_writemsg</name>
         <value>0x3825</value>
         <object_component_ref idref="oc-584"/>
      </symbol>
      <symbol id="sm-9ac">
         <name>lseek</name>
         <value>0x3aa9</value>
         <object_component_ref idref="oc-434"/>
      </symbol>
      <symbol id="sm-9b6">
         <name>copysign</name>
         <value>0x3be7</value>
         <object_component_ref idref="oc-54b"/>
      </symbol>
      <symbol id="sm-9b7">
         <name>copysignl</name>
         <value>0x3be7</value>
         <object_component_ref idref="oc-54b"/>
      </symbol>
      <symbol id="sm-9cc">
         <name>__TI_closefile</name>
         <value>0x2cc1</value>
         <object_component_ref idref="oc-4fc"/>
      </symbol>
      <symbol id="sm-9ef">
         <name>finddevice</name>
         <value>0x39c9</value>
         <object_component_ref idref="oc-5e3"/>
      </symbol>
      <symbol id="sm-9f0">
         <name>getdevice</name>
         <value>0x371d</value>
         <object_component_ref idref="oc-5bb"/>
      </symbol>
      <symbol id="sm-9ff">
         <name>strcmp</name>
         <value>0x3c79</value>
         <object_component_ref idref="oc-5fa"/>
      </symbol>
      <symbol id="sm-a0d">
         <name>strcpy</name>
         <value>0x3d51</value>
         <object_component_ref idref="oc-59e"/>
      </symbol>
      <symbol id="sm-a1d">
         <name>strncpy</name>
         <value>0x385d</value>
         <object_component_ref idref="oc-5dd"/>
      </symbol>
      <symbol id="sm-a32">
         <name>close</name>
         <value>0x31a5</value>
         <object_component_ref idref="oc-575"/>
      </symbol>
      <symbol id="sm-a42">
         <name>unlink</name>
         <value>0x3a55</value>
         <object_component_ref idref="oc-57b"/>
      </symbol>
      <symbol id="sm-a6f">
         <name>SysTickEnable</name>
         <value>0x3d15</value>
         <object_component_ref idref="oc-19f"/>
      </symbol>
      <symbol id="sm-a70">
         <name>SysTickIntRegister</name>
         <value>0x3b5d</value>
         <object_component_ref idref="oc-193"/>
      </symbol>
      <symbol id="sm-a71">
         <name>SysTickIntEnable</name>
         <value>0x3d29</value>
         <object_component_ref idref="oc-199"/>
      </symbol>
      <symbol id="sm-a72">
         <name>SysTickPeriodSet</name>
         <value>0x3db1</value>
         <object_component_ref idref="oc-18d"/>
      </symbol>
      <symbol id="sm-aa5">
         <name>UARTConfigSetExpClk</name>
         <value>0x35c5</value>
         <object_component_ref idref="oc-2af"/>
      </symbol>
      <symbol id="sm-aa6">
         <name>UARTDisable</name>
         <value>0x3b1d</value>
         <object_component_ref idref="oc-36e"/>
      </symbol>
      <symbol id="sm-aa7">
         <name>UARTCharPut</name>
         <value>0x3e0b</value>
         <object_component_ref idref="oc-2b5"/>
      </symbol>
      <symbol id="sm-aa8">
         <name>UARTEnable</name>
         <value>0x3d3d</value>
         <object_component_ref idref="oc-374"/>
      </symbol>
      <symbol id="sm-aa9">
         <name>UARTCharGet</name>
         <value>0x3e01</value>
         <object_component_ref idref="oc-2bb"/>
      </symbol>
      <symbol id="sm-aaa">
         <name>__TI_static_base__</name>
         <value>0x0</value>
      </symbol>
      <symbol id="sm-aad">
         <name>__mpu_init</name>
         <value>0x0</value>
      </symbol>
      <symbol id="sm-aae">
         <name>_system_post_cinit</name>
         <value>0x0</value>
      </symbol>
      <symbol id="sm-aaf">
         <name>remove</name>
         <value>0x3a55</value>
      </symbol>
   </symbol_table>
   <title>Link successful</title>
</link_info>
